Archive member included to satisfy reference by file (symbol)

/home/randy/mounriver-studio-projects/UdpServer/NetLib/libwchnet.a(eth_api.o)
                              ./NetLib/eth_driver_10M.o (WCHNET_PeriodicHandle)
/home/randy/mounriver-studio-projects/UdpServer/NetLib/libwchnet.a(ipcheck.o)
                              /home/randy/mounriver-studio-projects/UdpServer/NetLib/libwchnet.a(eth_api.o) (IPCheckParaInit)
/home/randy/mounriver-studio-projects/UdpServer/NetLib/libwchnet.a(net_dhcp.o)
                              /home/randy/mounriver-studio-projects/UdpServer/NetLib/libwchnet.a(eth_api.o) (DHCPCtrl)
/home/randy/mounriver-studio-projects/UdpServer/NetLib/libwchnet.a(net_dns.o)
                              /home/randy/mounriver-studio-projects/UdpServer/NetLib/libwchnet.a(eth_api.o) (DNSInf)
/home/randy/mounriver-studio-projects/UdpServer/NetLib/libwchnet.a(socket.o)
                              /home/randy/mounriver-studio-projects/UdpServer/NetLib/libwchnet.a(net_dhcp.o) (ErrorEncode)
/home/randy/mounriver-studio-projects/UdpServer/NetLib/libwchnet.a(etharp.o)
                              /home/randy/mounriver-studio-projects/UdpServer/NetLib/libwchnet.a(ipcheck.o) (etharp_request)
/home/randy/mounriver-studio-projects/UdpServer/NetLib/libwchnet.a(ethernetif.o)
                              /home/randy/mounriver-studio-projects/UdpServer/NetLib/libwchnet.a(eth_api.o) (ethernetif_input)
/home/randy/mounriver-studio-projects/UdpServer/NetLib/libwchnet.a(inet.o)
                              /home/randy/mounriver-studio-projects/UdpServer/NetLib/libwchnet.a(socket.o) (inet_ntoa)
/home/randy/mounriver-studio-projects/UdpServer/NetLib/libwchnet.a(ip.o)
                              /home/randy/mounriver-studio-projects/UdpServer/NetLib/libwchnet.a(etharp.o) (ip_input)
/home/randy/mounriver-studio-projects/UdpServer/NetLib/libwchnet.a(ip_addr.o)
                              /home/randy/mounriver-studio-projects/UdpServer/NetLib/libwchnet.a(socket.o) (ip_addr_isbroadcast)
/home/randy/mounriver-studio-projects/UdpServer/NetLib/libwchnet.a(ip_frag.o)
                              /home/randy/mounriver-studio-projects/UdpServer/NetLib/libwchnet.a(eth_api.o) (ip_reass_tmr)
/home/randy/mounriver-studio-projects/UdpServer/NetLib/libwchnet.a(dhcp.o)
                              /home/randy/mounriver-studio-projects/UdpServer/NetLib/libwchnet.a(net_dhcp.o) (dhcp_arp_reply)
/home/randy/mounriver-studio-projects/UdpServer/NetLib/libwchnet.a(dns.o)
                              /home/randy/mounriver-studio-projects/UdpServer/NetLib/libwchnet.a(dhcp.o) (dns_setserver)
/home/randy/mounriver-studio-projects/UdpServer/NetLib/libwchnet.a(init.o)
                              /home/randy/mounriver-studio-projects/UdpServer/NetLib/libwchnet.a(ethernetif.o) (lwip_init)
/home/randy/mounriver-studio-projects/UdpServer/NetLib/libwchnet.a(mem.o)
                              /home/randy/mounriver-studio-projects/UdpServer/NetLib/libwchnet.a(init.o) (mem_init)
/home/randy/mounriver-studio-projects/UdpServer/NetLib/libwchnet.a(memp.o)
                              /home/randy/mounriver-studio-projects/UdpServer/NetLib/libwchnet.a(init.o) (memp_init)
/home/randy/mounriver-studio-projects/UdpServer/NetLib/libwchnet.a(netif.o)
                              /home/randy/mounriver-studio-projects/UdpServer/NetLib/libwchnet.a(dhcp.o) (netif_set_ipaddr)
/home/randy/mounriver-studio-projects/UdpServer/NetLib/libwchnet.a(pbuf.o)
                              /home/randy/mounriver-studio-projects/UdpServer/NetLib/libwchnet.a(socket.o) (pbuf_header)
/home/randy/mounriver-studio-projects/UdpServer/NetLib/libwchnet.a(raw.o)
                              /home/randy/mounriver-studio-projects/UdpServer/NetLib/libwchnet.a(ip.o) (raw_input)
/home/randy/mounriver-studio-projects/UdpServer/NetLib/libwchnet.a(tcp.o)
                              /home/randy/mounriver-studio-projects/UdpServer/NetLib/libwchnet.a(socket.o) (tcp_bind)
/home/randy/mounriver-studio-projects/UdpServer/NetLib/libwchnet.a(tcp_in.o)
                              /home/randy/mounriver-studio-projects/UdpServer/NetLib/libwchnet.a(ip.o) (tcp_input)
/home/randy/mounriver-studio-projects/UdpServer/NetLib/libwchnet.a(tcp_out.o)
                              /home/randy/mounriver-studio-projects/UdpServer/NetLib/libwchnet.a(tcp.o) (tcp_enqueue)
/home/randy/mounriver-studio-projects/UdpServer/NetLib/libwchnet.a(udp.o)
                              /home/randy/mounriver-studio-projects/UdpServer/NetLib/libwchnet.a(ip.o) (udp_input)
/home/randy/mounriver-studio-projects/UdpServer/NetLib/libwchnet.a(icmp.o)
                              /home/randy/mounriver-studio-projects/UdpServer/NetLib/libwchnet.a(ip.o) (icmp_input)
/home/randy/mounriver-studio-projects/UdpServer/NetLib/libwchnet.a(inet_chksum.o)
                              /home/randy/mounriver-studio-projects/UdpServer/NetLib/libwchnet.a(tcp_in.o) (inet_chksum_pseudo)
[...]
Memory Configuration

Name             Origin             Length             Attributes
FLASH            0x0000000000000000 0x0000000000040000 xr
RAM              0x0000000020000000 0x0000000000010000 xrw
*default*        0x0000000000000000 0xffffffffffffffff

Linker script and memory map

LOAD ./User/ch32v30x_it.o
LOAD ./User/config.o
LOAD ./User/gpio_mgr.o
LOAD ./User/ini_parser.o
LOAD ./User/main.o
LOAD ./User/system_ch32v30x.o
LOAD ./User/timebase.o
LOAD ./Startup/startup_ch32v30x_D8C.o
LOAD ./Peripheral/src/ch32v30x_dbgmcu.o
LOAD ./Peripheral/src/ch32v30x_eth.o
LOAD ./Peripheral/src/ch32v30x_exti.o
LOAD ./Peripheral/src/ch32v30x_gpio.o
LOAD ./Peripheral/src/ch32v30x_misc.o
LOAD ./Peripheral/src/ch32v30x_rcc.o
LOAD ./Peripheral/src/ch32v30x_sdio.o
LOAD ./Peripheral/src/ch32v30x_tim.o
LOAD ./Peripheral/src/ch32v30x_usart.o
LOAD ./NetLib/eth_driver_10M.o
LOAD ./Debug/debug.o
LOAD ./Core/core_riscv.o
LOAD /home/randy/Programs/MounRiverStudio/MounRiverStudio_Linux_X64_V230/MRS-linux-x64/resources/app/resources/linux/components/WCH/Toolchain/RISC-V Embedded GCC/bin/../lib/gcc/riscv-none-embed/8.2.0/../../../../riscv-none-embed/lib/rv32imacxw/ilp32/libm.a
LOAD /home/randy/mounriver-studio-projects/UdpServer/NetLib/libwchnet.a
LOAD /home/randy/Programs/MounRiverStudio/MounRiverStudio_Linux_X64_V230/MRS-linux-x64/resources/app/resources/linux/components/WCH/Toolchain/RISC-V Embedded GCC/bin/../lib/gcc/riscv-none-embed/8.2.0/../../../../riscv-none-embed/lib/rv32imacxw/ilp32/libprintf.a
LOAD /home/randy/Programs/MounRiverStudio/MounRiverStudio_Linux_X64_V230/MRS-linux-x64/resources/app/resources/linux/components/WCH/Toolchain/RISC-V Embedded GCC/bin/../lib/gcc/riscv-none-embed/8.2.0/rv32imacxw/ilp32/libgcc.a
LOAD /home/randy/Programs/MounRiverStudio/MounRiverStudio_Linux_X64_V230/MRS-linux-x64/resources/app/resources/linux/components/WCH/Toolchain/RISC-V Embedded GCC/bin/../lib/gcc/riscv-none-embed/8.2.0/../../../../riscv-none-embed/lib/rv32imacxw/ilp32/libg_nano.a
LOAD /home/randy/Programs/MounRiverStudio/MounRiverStudio_Linux_X64_V230/MRS-linux-x64/resources/app/resources/linux/components/WCH/Toolchain/RISC-V Embedded GCC/bin/../lib/gcc/riscv-none-embed/8.2.0/../../../../riscv-none-embed/lib/rv32imacxw/ilp32/libc_nano.a
LOAD /home/randy/Programs/MounRiverStudio/MounRiverStudio_Linux_X64_V230/MRS-linux-x64/resources/app/resources/linux/components/WCH/Toolchain/RISC-V Embedded GCC/bin/../lib/gcc/riscv-none-embed/8.2.0/rv32imacxw/ilp32/libgcc.a
START GROUP
LOAD /home/randy/Programs/MounRiverStudio/MounRiverStudio_Linux_X64_V230/MRS-linux-x64/resources/app/resources/linux/components/WCH/Toolchain/RISC-V Embedded GCC/bin/../lib/gcc/riscv-none-embed/8.2.0/rv32imacxw/ilp32/libgcc.a
LOAD /home/randy/Programs/MounRiverStudio/MounRiverStudio_Linux_X64_V230/MRS-linux-x64/resources/app/resources/linux/components/WCH/Toolchain/RISC-V Embedded GCC/bin/../lib/gcc/riscv-none-embed/8.2.0/../../../../riscv-none-embed/lib/rv32imacxw/ilp32/libc_nano.a
LOAD /home/randy/Programs/MounRiverStudio/MounRiverStudio_Linux_X64_V230/MRS-linux-x64/resources/app/resources/linux/components/WCH/Toolchain/RISC-V Embedded GCC/bin/../lib/gcc/riscv-none-embed/8.2.0/../../../../riscv-none-embed/lib/rv32imacxw/ilp32/libnosys.a
END GROUP
START GROUP
LOAD /home/randy/Programs/MounRiverStudio/MounRiverStudio_Linux_X64_V230/MRS-linux-x64/resources/app/resources/linux/components/WCH/Toolchain/RISC-V Embedded GCC/bin/../lib/gcc/riscv-none-embed/8.2.0/rv32imacxw/ilp32/libgcc.a
LOAD /home/randy/Programs/MounRiverStudio/MounRiverStudio_Linux_X64_V230/MRS-linux-x64/resources/app/resources/linux/components/WCH/Toolchain/RISC-V Embedded GCC/bin/../lib/gcc/riscv-none-embed/8.2.0/../../../../riscv-none-embed/lib/rv32imacxw/ilp32/libc_nano.a
LOAD /home/randy/Programs/MounRiverStudio/MounRiverStudio_Linux_X64_V230/MRS-linux-x64/resources/app/resources/linux/components/WCH/Toolchain/RISC-V Embedded GCC/bin/../lib/gcc/riscv-none-embed/8.2.0/../../../../riscv-none-embed/lib/rv32imacxw/ilp32/libnosys.a
END GROUP
                0x0000000000000800                __stack_size = 0x800
                [!provide]                        PROVIDE (_stack_size = __stack_size)

.init           0x0000000000000000        0x4
                0x0000000000000000                _sinit = .
                0x0000000000000000                . = ALIGN (0x4)
 *(SORT_NONE(.init))
 .init          0x0000000000000000        0x4 ./Startup/startup_ch32v30x_D8C.o
                0x0000000000000000                _start
                0x0000000000000004                . = ALIGN (0x4)
                0x0000000000000004                _einit = .

.vector         0x0000000000000004      0x1bc
 *(.vector)
 .vector        0x0000000000000004      0x1a0 ./Startup/startup_ch32v30x_D8C.o
                0x00000000000001c0                . = ALIGN (0x40)
 *fill*         0x00000000000001a4       0x1c 

.text           0x00000000000001c0     0x9ca4
                0x00000000000001c0                . = ALIGN (0x4)
 *(.text)
 .text          0x00000000000001c0       0x60 /home/randy/Programs/MounRiverStudio/MounRiverStudio_Linux_X64_V230/MRS-linux-x64/resources/app/resources/linux/components/WCH/Toolchain/RISC-V Embedded GCC/bin/../lib/gcc/riscv-none-embed/8.2.0/rv32imacxw/ilp32/libgcc.a(save-restore.o)
                0x00000000000001c0                __riscv_save_12
                0x00000000000001c8                __riscv_save_8
                0x00000000000001c8                __riscv_save_11
                0x00000000000001c8                __riscv_save_9
                0x00000000000001c8                __riscv_save_10
                0x00000000000001d6                __riscv_save_7
                0x00000000000001d6                __riscv_save_4
                0x00000000000001d6                __riscv_save_6
                0x00000000000001d6                __riscv_save_5
                0x00000000000001f0                __riscv_save_1
                0x00000000000001f0                __riscv_save_3
                0x00000000000001f0                __riscv_save_2
                0x00000000000001f0                __riscv_save_0
                0x00000000000001fc                __riscv_restore_12
                0x0000000000000200                __riscv_restore_10
                0x0000000000000200                __riscv_restore_11
                0x0000000000000200                __riscv_restore_8
                0x0000000000000200                __riscv_restore_9
                0x000000000000020a                __riscv_restore_5
                0x000000000000020a                __riscv_restore_6
                0x000000000000020a                __riscv_restore_4
                0x000000000000020a                __riscv_restore_7
                0x0000000000000214                __riscv_restore_3
                0x0000000000000214                __riscv_restore_2
                0x0000000000000214                __riscv_restore_0
                0x0000000000000214                __riscv_restore_1
 .text          0x0000000000000220       0xa8 /home/randy/Programs/MounRiverStudio/MounRiverStudio_Linux_X64_V230/MRS-linux-x64/resources/app/resources/linux/components/WCH/Toolchain/RISC-V Embedded GCC/bin/../lib/gcc/riscv-none-embed/8.2.0/../../../../riscv-none-embed/lib/rv32imacxw/ilp32/libg_nano.a(lib_a-memset.o)
                0x0000000000000220                memset
 .text          0x00000000000002c8      0x11a /home/randy/Programs/MounRiverStudio/MounRiverStudio_Linux_X64_V230/MRS-linux-x64/resources/app/resources/linux/components/WCH/Toolchain/RISC-V Embedded GCC/bin/../lib/gcc/riscv-none-embed/8.2.0/../../../../riscv-none-embed/lib/rv32imacxw/ilp32/libg_nano.a(lib_a-strcmp.o)
                0x00000000000002c8                strcmp
 *(.text.*)
 .text.NMI_Handler
                0x00000000000003e2        0x2 ./User/ch32v30x_it.o
                0x00000000000003e2                NMI_Handler
 .text.HardFault_Handler
                0x00000000000003e4       0x52 ./User/ch32v30x_it.o
                0x00000000000003e4                HardFault_Handler
 .text.EXTI9_5_IRQHandler
                0x0000000000000436       0x54 ./User/ch32v30x_it.o
                0x0000000000000436                EXTI9_5_IRQHandler
 .text.ETH_IRQHandler
                0x000000000000048a        0x8 ./User/ch32v30x_it.o
                0x000000000000048a                ETH_IRQHandler
 .text.TIM2_IRQHandler
                0x0000000000000492       0x14 ./User/ch32v30x_it.o
                0x0000000000000492                TIM2_IRQHandler
 .text.cfg_handler
                0x00000000000004a6      0x430 ./User/config.o
 .text.Config_Load
                0x00000000000008d6       0x90 ./User/config.o
                0x00000000000008d6                Config_Load
 .text.GPIO_ParsePin
                0x0000000000000966      0x13c ./User/gpio_mgr.o
                0x0000000000000966                GPIO_ParsePin
 .text.GPIO_ConfigInputPullup
                0x0000000000000aa2       0x1e ./User/gpio_mgr.o
                0x0000000000000aa2                GPIO_ConfigInputPullup
 .text.GPIO_ReadPin
                0x0000000000000ac0       0x14 ./User/gpio_mgr.o
                0x0000000000000ac0                GPIO_ReadPin
 .text.trim.part.0
                0x0000000000000ad4       0x58 ./User/ini_parser.o
 .text.INI_Parse
                0x0000000000000b2c       0xb6 ./User/ini_parser.o
                0x0000000000000b2c                INI_Parse
 .text.read_encoder_state
                0x0000000000000be2       0x34 ./User/main.o
 .text.mStopIfError
                0x0000000000000c16       0x1a ./User/main.o
                0x0000000000000c16                mStopIfError
 .text.TIM2_Init
                0x0000000000000c30       0x6e ./User/main.o
                0x0000000000000c30                TIM2_Init
 .text.CalcBroadcastIP
                0x0000000000000c9e       0x2e ./User/main.o
                0x0000000000000c9e                CalcBroadcastIP
 .text.UdpSend  0x0000000000000ccc       0x2c ./User/main.o
                0x0000000000000ccc                UdpSend
 .text.WCHNET_UdpServerRecv
                0x0000000000000cf8       0x6a ./User/main.o
                0x0000000000000cf8                WCHNET_UdpServerRecv
 .text.WCHNET_CreateUdpSocket
                0x0000000000000d62       0x5a ./User/main.o
                0x0000000000000d62                WCHNET_CreateUdpSocket
 .text.Button_Init
                0x0000000000000dbc       0x62 ./User/main.o
                0x0000000000000dbc                Button_Init
 .text.Button_Task
                0x0000000000000e1e       0xc6 ./User/main.o
                0x0000000000000e1e                Button_Task
 .text.Encoder_Init
                0x0000000000000ee4       0x5e ./User/main.o
                0x0000000000000ee4                Encoder_Init
 .text.Encoder_Task
                0x0000000000000f42       0xd4 ./User/main.o
                0x0000000000000f42                Encoder_Task
 .text.startup.main
                0x0000000000001016      0x176 ./User/main.o
                0x0000000000001016                main
 .text.SystemInit
                0x000000000000118c       0xfa ./User/system_ch32v30x.o
                0x000000000000118c                SystemInit
 .text.SystemCoreClockUpdate
                0x0000000000001286      0x12a ./User/system_ch32v30x.o
                0x0000000000001286                SystemCoreClockUpdate
 .text.Timebase_Init
                0x00000000000013b0       0x4c ./User/timebase.o
                0x00000000000013b0                Timebase_Init
 .text.millis   0x00000000000013fc       0x2a ./User/timebase.o
                0x00000000000013fc                millis
 .text.vector_handler
                0x0000000000001426        0x2 ./Startup/startup_ch32v30x_D8C.o
                0x0000000000001426                EXTI2_IRQHandler
                0x0000000000001426                TIM8_TRG_COM_IRQHandler
                0x0000000000001426                TIM8_CC_IRQHandler
                0x0000000000001426                UART8_IRQHandler
                0x0000000000001426                TIM1_CC_IRQHandler
                0x0000000000001426                TIM6_IRQHandler
                0x0000000000001426                SysTick_Handler
                0x0000000000001426                PVD_IRQHandler
                0x0000000000001426                SDIO_IRQHandler
                0x0000000000001426                TIM9_BRK_IRQHandler
                0x0000000000001426                DMA2_Channel8_IRQHandler
                0x0000000000001426                CAN2_RX1_IRQHandler
                0x0000000000001426                EXTI3_IRQHandler
                0x0000000000001426                USBHS_IRQHandler
                0x0000000000001426                DMA2_Channel9_IRQHandler
                0x0000000000001426                TIM10_CC_IRQHandler
                0x0000000000001426                USBFS_IRQHandler
                0x0000000000001426                EXTI0_IRQHandler
                0x0000000000001426                I2C2_EV_IRQHandler
                0x0000000000001426                TIM10_TRG_COM_IRQHandler
                0x0000000000001426                CAN2_SCE_IRQHandler
                0x0000000000001426                ADC1_2_IRQHandler
                0x0000000000001426                Break_Point_Handler
                0x0000000000001426                SPI1_IRQHandler
                0x0000000000001426                TAMPER_IRQHandler
                0x0000000000001426                CAN2_RX0_IRQHandler
                0x0000000000001426                TIM8_UP_IRQHandler
                0x0000000000001426                Ecall_M_Mode_Handler
                0x0000000000001426                DMA2_Channel2_IRQHandler
                0x0000000000001426                DMA1_Channel4_IRQHandler
                0x0000000000001426                TIM9_UP_IRQHandler
                0x0000000000001426                USART3_IRQHandler
                0x0000000000001426                RTC_IRQHandler
                0x0000000000001426                DMA1_Channel7_IRQHandler
                0x0000000000001426                CAN1_RX1_IRQHandler
                0x0000000000001426                DVP_IRQHandler
                0x0000000000001426                UART5_IRQHandler
                0x0000000000001426                TIM4_IRQHandler
                0x0000000000001426                DMA2_Channel1_IRQHandler
                0x0000000000001426                I2C1_EV_IRQHandler
                0x0000000000001426                DMA1_Channel6_IRQHandler
                0x0000000000001426                UART4_IRQHandler
                0x0000000000001426                DMA2_Channel4_IRQHandler
                0x0000000000001426                TIM3_IRQHandler
                0x0000000000001426                RCC_IRQHandler
                0x0000000000001426                TIM1_TRG_COM_IRQHandler
                0x0000000000001426                DMA1_Channel1_IRQHandler
                0x0000000000001426                DMA2_Channel7_IRQHandler
                0x0000000000001426                EXTI15_10_IRQHandler
                0x0000000000001426                TIM7_IRQHandler
                0x0000000000001426                CAN2_TX_IRQHandler
                0x0000000000001426                TIM5_IRQHandler
                0x0000000000001426                ETH_WKUP_IRQHandler
                0x0000000000001426                SPI2_IRQHandler
                0x0000000000001426                TIM10_BRK_IRQHandler
                0x0000000000001426                TIM9_CC_IRQHandler
                0x0000000000001426                DMA2_Channel5_IRQHandler
                0x0000000000001426                DMA1_Channel5_IRQHandler
                0x0000000000001426                EXTI4_IRQHandler
                0x0000000000001426                USB_LP_CAN1_RX0_IRQHandler
                0x0000000000001426                RNG_IRQHandler
                0x0000000000001426                USB_HP_CAN1_TX_IRQHandler
                0x0000000000001426                DMA1_Channel3_IRQHandler
                0x0000000000001426                TIM1_UP_IRQHandler
                0x0000000000001426                WWDG_IRQHandler
                0x0000000000001426                USBHSWakeup_IRQHandler
                0x0000000000001426                DMA2_Channel11_IRQHandler
                0x0000000000001426                Ecall_U_Mode_Handler
                0x0000000000001426                DMA2_Channel6_IRQHandler
                0x0000000000001426                SW_Handler
                0x0000000000001426                TIM1_BRK_IRQHandler
                0x0000000000001426                DMA2_Channel10_IRQHandler
                0x0000000000001426                EXTI1_IRQHandler
                0x0000000000001426                RTCAlarm_IRQHandler
                0x0000000000001426                TIM10_UP_IRQHandler
                0x0000000000001426                TIM9_TRG_COM_IRQHandler
                0x0000000000001426                UART7_IRQHandler
                0x0000000000001426                USART2_IRQHandler
                0x0000000000001426                UART6_IRQHandler
                0x0000000000001426                I2C2_ER_IRQHandler
                0x0000000000001426                DMA1_Channel2_IRQHandler
                0x0000000000001426                TIM8_BRK_IRQHandler
                0x0000000000001426                CAN1_SCE_IRQHandler
                0x0000000000001426                FLASH_IRQHandler
                0x0000000000001426                USART1_IRQHandler
                0x0000000000001426                SPI3_IRQHandler
                0x0000000000001426                I2C1_ER_IRQHandler
                0x0000000000001426                USBWakeUp_IRQHandler
                0x0000000000001426                DMA2_Channel3_IRQHandler
 .text.handle_reset
                0x0000000000001428       0x8e ./Startup/startup_ch32v30x_D8C.o
                0x0000000000001428                handle_reset
 .text.DBGMCU_GetCHIPID
                0x00000000000014b6        0xa ./Peripheral/src/ch32v30x_dbgmcu.o
                0x00000000000014b6                DBGMCU_GetCHIPID
 .text.ETH_DeInit
                0x00000000000014c0       0x14 ./Peripheral/src/ch32v30x_eth.o
                0x00000000000014c0                ETH_DeInit
 .text.ETH_ReadPHYRegister
                0x00000000000014d4       0x58 ./Peripheral/src/ch32v30x_eth.o
                0x00000000000014d4                ETH_ReadPHYRegister
 .text.ETH_WritePHYRegister
                0x000000000000152c       0x52 ./Peripheral/src/ch32v30x_eth.o
                0x000000000000152c                ETH_WritePHYRegister
 .text.ETH_DMATxDescChainInit
                0x000000000000157e       0x42 ./Peripheral/src/ch32v30x_eth.o
                0x000000000000157e                ETH_DMATxDescChainInit
 .text.ETH_DMARxDescChainInit
                0x00000000000015c0       0x4c ./Peripheral/src/ch32v30x_eth.o
                0x00000000000015c0                ETH_DMARxDescChainInit
 .text.ETH_SoftwareReset
                0x000000000000160c        0xe ./Peripheral/src/ch32v30x_eth.o
                0x000000000000160c                ETH_SoftwareReset
 .text.ETH_DMAClearITPendingBit
                0x000000000000161a        0x8 ./Peripheral/src/ch32v30x_eth.o
                0x000000000000161a                ETH_DMAClearITPendingBit
 .text.ETH_FlushTransmitFIFO
                0x0000000000001622       0x10 ./Peripheral/src/ch32v30x_eth.o
                0x0000000000001622                ETH_FlushTransmitFIFO
 .text.ETH_Start
                0x0000000000001632       0x32 ./Peripheral/src/ch32v30x_eth.o
                0x0000000000001632                ETH_Start
 .text.ETH_DMAITConfig
                0x0000000000001664       0x1e ./Peripheral/src/ch32v30x_eth.o
                0x0000000000001664                ETH_DMAITConfig
 .text.EXTI_ClearITPendingBit
                0x0000000000001682        0xa ./Peripheral/src/ch32v30x_exti.o
                0x0000000000001682                EXTI_ClearITPendingBit
 .text.GPIO_Init
                0x000000000000168c       0xc0 ./Peripheral/src/ch32v30x_gpio.o
                0x000000000000168c                GPIO_Init
 .text.GPIO_ReadInputDataBit
                0x000000000000174c        0xa ./Peripheral/src/ch32v30x_gpio.o
                0x000000000000174c                GPIO_ReadInputDataBit
 .text.GPIO_SetBits
                0x0000000000001756        0x4 ./Peripheral/src/ch32v30x_gpio.o
                0x0000000000001756                GPIO_SetBits
 .text.GPIO_ResetBits
                0x000000000000175a        0x4 ./Peripheral/src/ch32v30x_gpio.o
                0x000000000000175a                GPIO_ResetBits
 .text.RCC_GetClocksFreq
                0x000000000000175e      0x176 ./Peripheral/src/ch32v30x_rcc.o
                0x000000000000175e                RCC_GetClocksFreq
 .text.RCC_AHBPeriphClockCmd
                0x00000000000018d4       0x1e ./Peripheral/src/ch32v30x_rcc.o
                0x00000000000018d4                RCC_AHBPeriphClockCmd
 .text.RCC_APB2PeriphClockCmd
                0x00000000000018f2       0x1e ./Peripheral/src/ch32v30x_rcc.o
                0x00000000000018f2                RCC_APB2PeriphClockCmd
 .text.RCC_APB1PeriphClockCmd
                0x0000000000001910       0x1e ./Peripheral/src/ch32v30x_rcc.o
                0x0000000000001910                RCC_APB1PeriphClockCmd
 .text.RCC_GetFlagStatus
                0x000000000000192e       0x2e ./Peripheral/src/ch32v30x_rcc.o
                0x000000000000192e                RCC_GetFlagStatus
 .text.RCC_PREDIV2Config
                0x000000000000195c       0x10 ./Peripheral/src/ch32v30x_rcc.o
                0x000000000000195c                RCC_PREDIV2Config
 .text.RCC_PLL3Config
                0x000000000000196c       0x12 ./Peripheral/src/ch32v30x_rcc.o
                0x000000000000196c                RCC_PLL3Config
 .text.RCC_PLL3Cmd
                0x000000000000197e       0x24 ./Peripheral/src/ch32v30x_rcc.o
                0x000000000000197e                RCC_PLL3Cmd
 .text.RCC_AHBPeriphResetCmd
                0x00000000000019a2       0x1e ./Peripheral/src/ch32v30x_rcc.o
                0x00000000000019a2                RCC_AHBPeriphResetCmd
 .text.TIM_TimeBaseInit
                0x00000000000019c0       0xaa ./Peripheral/src/ch32v30x_tim.o
                0x00000000000019c0                TIM_TimeBaseInit
 .text.TIM_TimeBaseStructInit
                0x0000000000001a6a       0x16 ./Peripheral/src/ch32v30x_tim.o
                0x0000000000001a6a                TIM_TimeBaseStructInit
 .text.TIM_Cmd  0x0000000000001a80       0x18 ./Peripheral/src/ch32v30x_tim.o
                0x0000000000001a80                TIM_Cmd
 .text.TIM_ITConfig
                0x0000000000001a98       0x12 ./Peripheral/src/ch32v30x_tim.o
                0x0000000000001a98                TIM_ITConfig
 .text.TIM_GetFlagStatus
                0x0000000000001aaa        0xa ./Peripheral/src/ch32v30x_tim.o
                0x0000000000001aaa                TIM_GetFlagStatus
 .text.TIM_ClearFlag
                0x0000000000001ab4        0xc ./Peripheral/src/ch32v30x_tim.o
                0x0000000000001ab4                TIM_ClearFlag
 .text.TIM_ClearITPendingBit
                0x0000000000001ac0        0xc ./Peripheral/src/ch32v30x_tim.o
                0x0000000000001ac0                TIM_ClearITPendingBit
 .text.USART_Init
                0x0000000000001acc       0x90 ./Peripheral/src/ch32v30x_usart.o
                0x0000000000001acc                USART_Init
 .text.USART_Cmd
                0x0000000000001b5c       0x16 ./Peripheral/src/ch32v30x_usart.o
                0x0000000000001b5c                USART_Cmd
 .text.USART_SendData
                0x0000000000001b72        0x8 ./Peripheral/src/ch32v30x_usart.o
                0x0000000000001b72                USART_SendData
 .text.USART_GetFlagStatus
                0x0000000000001b7a        0xa ./Peripheral/src/ch32v30x_usart.o
                0x0000000000001b7a                USART_GetFlagStatus
 .text.ETH_TxPktChainMode
                0x0000000000001b84       0x40 ./NetLib/eth_driver_10M.o
                0x0000000000001b84                ETH_TxPktChainMode
 .text.ETH_LedDataSet
                0x0000000000001bc4       0x22 ./NetLib/eth_driver_10M.o
                0x0000000000001bc4                ETH_LedDataSet
 .text.ETH_LedLinkSet
                0x0000000000001be6       0x22 ./NetLib/eth_driver_10M.o
                0x0000000000001be6                ETH_LedLinkSet
 .text.WCHNET_GetMacAddr
                0x0000000000001c08       0x20 ./NetLib/eth_driver_10M.o
                0x0000000000001c08                WCHNET_GetMacAddr
 .text.WCHNET_TimeIsr
                0x0000000000001c28        0xc ./NetLib/eth_driver_10M.o
                0x0000000000001c28                WCHNET_TimeIsr
 .text.ETH_LedConfiguration
                0x0000000000001c34       0x44 ./NetLib/eth_driver_10M.o
                0x0000000000001c34                ETH_LedConfiguration
 .text.ETH_SetClock
                0x0000000000001c78       0x22 ./NetLib/eth_driver_10M.o
                0x0000000000001c78                ETH_SetClock
 .text.ETH_LinkUpCfg
                0x0000000000001c9a       0x56 ./NetLib/eth_driver_10M.o
                0x0000000000001c9a                ETH_LinkUpCfg
 .text.ETH_PHYLink
                0x0000000000001cf0      0x190 ./NetLib/eth_driver_10M.o
                0x0000000000001cf0                ETH_PHYLink
 .text.ETH_RegInit
                0x0000000000001e80       0xa4 ./NetLib/eth_driver_10M.o
                0x0000000000001e80                ETH_RegInit
 .text.ETH_Configuration
                0x0000000000001f24       0xe4 ./NetLib/eth_driver_10M.o
                0x0000000000001f24                ETH_Configuration
 .text.WCHNET_ETHIsr
                0x0000000000002008       0x7e ./NetLib/eth_driver_10M.o
                0x0000000000002008                WCHNET_ETHIsr
 .text.ETH_Init
                0x0000000000002086       0x8e ./NetLib/eth_driver_10M.o
                0x0000000000002086                ETH_Init
 .text.ETH_LibInit
                0x0000000000002114       0x7e ./NetLib/eth_driver_10M.o
                0x0000000000002114                ETH_LibInit
 .text.Delay_Init
                0x0000000000002192       0x26 ./Debug/debug.o
                0x0000000000002192                Delay_Init
 .text.Delay_Us
                0x00000000000021b8       0x36 ./Debug/debug.o
                0x00000000000021b8                Delay_Us
 .text.Delay_Ms
                0x00000000000021ee       0x36 ./Debug/debug.o
                0x00000000000021ee                Delay_Ms
 .text.USART_Printf_Init
                0x0000000000002224       0x5a ./Debug/debug.o
                0x0000000000002224                USART_Printf_Init
 .text._write   0x000000000000227e       0x3e ./Debug/debug.o
                0x000000000000227e                _write
 .text._sbrk    0x00000000000022bc       0x2a ./Debug/debug.o
                0x00000000000022bc                _sbrk
 .text.__get_MEPC
                0x00000000000022e6        0x6 ./Core/core_riscv.o
                0x00000000000022e6                __get_MEPC
 .text.__get_MCAUSE
                0x00000000000022ec        0x6 ./Core/core_riscv.o
                0x00000000000022ec                __get_MCAUSE
 .text.__get_MTVAL
                0x00000000000022f2        0x6 ./Core/core_riscv.o
                0x00000000000022f2                __get_MTVAL
 .text.WCHNET_NetInput
                0x00000000000022f8       0x14 /home/randy/mounriver-studio-projects/UdpServer/NetLib/libwchnet.a(eth_api.o)
                0x00000000000022f8                WCHNET_NetInput
 .text.WCHNET_PhyStatus
                0x000000000000230c       0x4e /home/randy/mounriver-studio-projects/UdpServer/NetLib/libwchnet.a(eth_api.o)
                0x000000000000230c                WCHNET_PhyStatus
 .text.WCHNET_Rx
                0x000000000000235a       0x96 /home/randy/mounriver-studio-projects/UdpServer/NetLib/libwchnet.a(eth_api.o)
                0x000000000000235a                WCHNET_Rx
 .text.setRxBuffAddr
                0x00000000000023f0       0x12 /home/randy/mounriver-studio-projects/UdpServer/NetLib/libwchnet.a(eth_api.o)
                0x00000000000023f0                setRxBuffAddr
 .text.WCHNET_Tx
                0x0000000000002402       0x32 /home/randy/mounriver-studio-projects/UdpServer/NetLib/libwchnet.a(eth_api.o)
                0x0000000000002402                WCHNET_Tx
 .text.GetChipID
                0x0000000000002434        0xe /home/randy/mounriver-studio-projects/UdpServer/NetLib/libwchnet.a(eth_api.o)
                0x0000000000002434                GetChipID
 .text.getTxBuffAddr
                0x0000000000002442       0x6a /home/randy/mounriver-studio-projects/UdpServer/NetLib/libwchnet.a(eth_api.o)
                0x0000000000002442                getTxBuffAddr
 .text.IPCheckParaInit
                0x00000000000024ac       0x1e /home/randy/mounriver-studio-projects/UdpServer/NetLib/libwchnet.a(ipcheck.o)
                0x00000000000024ac                IPCheckParaInit
 .text.IPConflictHandle
                0x00000000000024ca       0x2c /home/randy/mounriver-studio-projects/UdpServer/NetLib/libwchnet.a(ipcheck.o)
                0x00000000000024ca                IPConflictHandle
 .text.NET_TCPError
                0x00000000000024f6        0x2 /home/randy/mounriver-studio-projects/UdpServer/NetLib/libwchnet.a(socket.o)
                0x00000000000024f6                NET_TCPError
 .text.SocketIPRAWReceive
                0x00000000000024f8       0xc4 /home/randy/mounriver-studio-projects/UdpServer/NetLib/libwchnet.a(socket.o)
                0x00000000000024f8                SocketIPRAWReceive
 .text.SocketUdpReceive
                0x00000000000025bc       0xda /home/randy/mounriver-studio-projects/UdpServer/NetLib/libwchnet.a(socket.o)
                0x00000000000025bc                SocketUdpReceive
 .text.ErrorEncode
                0x0000000000002696       0x1a /home/randy/mounriver-studio-projects/UdpServer/NetLib/libwchnet.a(socket.o)
                0x0000000000002696                ErrorEncode
 .text.WCHSocketInit
                0x00000000000026b0       0x4c /home/randy/mounriver-studio-projects/UdpServer/NetLib/libwchnet.a(socket.o)
                0x00000000000026b0                WCHSocketInit
 .text.WCHNET_Init
                0x00000000000026fc       0xac /home/randy/mounriver-studio-projects/UdpServer/NetLib/libwchnet.a(socket.o)
                0x00000000000026fc                WCHNET_Init
 .text.WCHNET_ConfigLIB
                0x00000000000027a8      0x144 /home/randy/mounriver-studio-projects/UdpServer/NetLib/libwchnet.a(socket.o)
                0x00000000000027a8                WCHNET_ConfigLIB
 .text.WCHNET_GetVer
                0x00000000000028ec        0x4 /home/randy/mounriver-studio-projects/UdpServer/NetLib/libwchnet.a(socket.o)
                0x00000000000028ec                WCHNET_GetVer
 .text.WCHFindCorrectTCBPcb
                0x00000000000028f0       0x5e /home/randy/mounriver-studio-projects/UdpServer/NetLib/libwchnet.a(socket.o)
                0x00000000000028f0                WCHFindCorrectTCBPcb
 .text.WCHNET_SocketCreat
                0x000000000000294e      0x1d0 /home/randy/mounriver-studio-projects/UdpServer/NetLib/libwchnet.a(socket.o)
                0x000000000000294e                WCHNET_SocketCreat
 .text.WCHNET_SocketUdpSendTo
                0x0000000000002b1e       0xc6 /home/randy/mounriver-studio-projects/UdpServer/NetLib/libwchnet.a(socket.o)
                0x0000000000002b1e                WCHNET_SocketUdpSendTo
 .text.WCHScokedIntHandle
                0x0000000000002be4       0x52 /home/randy/mounriver-studio-projects/UdpServer/NetLib/libwchnet.a(socket.o)
                0x0000000000002be4                WCHScokedIntHandle
 .text.LwipRemoveTcpPcb
                0x0000000000002c36       0x9e /home/randy/mounriver-studio-projects/UdpServer/NetLib/libwchnet.a(socket.o)
                0x0000000000002c36                LwipRemoveTcpPcb
 .text.WCHNET_GetPHYStatus
                0x0000000000002cd4        0xa /home/randy/mounriver-studio-projects/UdpServer/NetLib/libwchnet.a(socket.o)
                0x0000000000002cd4                WCHNET_GetPHYStatus
 .text.QueryPingEnable
                0x0000000000002cde        0xe /home/randy/mounriver-studio-projects/UdpServer/NetLib/libwchnet.a(socket.o)
                0x0000000000002cde                QueryPingEnable
 .text.LwipUnreachPort
                0x0000000000002cec       0x1a /home/randy/mounriver-studio-projects/UdpServer/NetLib/libwchnet.a(socket.o)
                0x0000000000002cec                LwipUnreachPort
 .text.LwipArpCheck
                0x0000000000002d06        0xc /home/randy/mounriver-studio-projects/UdpServer/NetLib/libwchnet.a(socket.o)
                0x0000000000002d06                LwipArpCheck
 .text.find_entry
                0x0000000000002d12      0x180 /home/randy/mounriver-studio-projects/UdpServer/NetLib/libwchnet.a(etharp.o)
 .text.update_arp_entry
                0x0000000000002e92       0xb2 /home/randy/mounriver-studio-projects/UdpServer/NetLib/libwchnet.a(etharp.o)
 .text.etharp_ip_input
                0x0000000000002f44       0x5a /home/randy/mounriver-studio-projects/UdpServer/NetLib/libwchnet.a(etharp.o)
                0x0000000000002f44                etharp_ip_input
 .text.etharp_arp_input
                0x0000000000002f9e      0x168 /home/randy/mounriver-studio-projects/UdpServer/NetLib/libwchnet.a(etharp.o)
                0x0000000000002f9e                etharp_arp_input
 .text.etharp_request
                0x0000000000003106       0xce /home/randy/mounriver-studio-projects/UdpServer/NetLib/libwchnet.a(etharp.o)
                0x0000000000003106                etharp_request
 .text.etharp_query
                0x00000000000031d4      0x118 /home/randy/mounriver-studio-projects/UdpServer/NetLib/libwchnet.a(etharp.o)
                0x00000000000031d4                etharp_query
 .text.etharp_output
                0x00000000000032ec      0x134 /home/randy/mounriver-studio-projects/UdpServer/NetLib/libwchnet.a(etharp.o)
                0x00000000000032ec                etharp_output
 .text.ethernet_input
                0x0000000000003420       0x86 /home/randy/mounriver-studio-projects/UdpServer/NetLib/libwchnet.a(etharp.o)
                0x0000000000003420                ethernet_input
 .text.ethernetif_init
                0x00000000000034a6       0x64 /home/randy/mounriver-studio-projects/UdpServer/NetLib/libwchnet.a(ethernetif.o)
                0x00000000000034a6                ethernetif_init
 .text.low_level_output
                0x000000000000350a       0x52 /home/randy/mounriver-studio-projects/UdpServer/NetLib/libwchnet.a(ethernetif.o)
 .text.ethernetif_input
                0x000000000000355c       0x70 /home/randy/mounriver-studio-projects/UdpServer/NetLib/libwchnet.a(ethernetif.o)
                0x000000000000355c                ethernetif_input
 .text.wch_ethernetif_init
                0x00000000000035cc       0x76 /home/randy/mounriver-studio-projects/UdpServer/NetLib/libwchnet.a(ethernetif.o)
                0x00000000000035cc                wch_ethernetif_init
 .text.htons    0x0000000000003642        0xe /home/randy/mounriver-studio-projects/UdpServer/NetLib/libwchnet.a(inet.o)
                0x0000000000003642                htons
 .text.ntohs    0x0000000000003650        0xe /home/randy/mounriver-studio-projects/UdpServer/NetLib/libwchnet.a(inet.o)
                0x0000000000003650                ntohs
 .text.htonl    0x000000000000365e       0x24 /home/randy/mounriver-studio-projects/UdpServer/NetLib/libwchnet.a(inet.o)
                0x000000000000365e                htonl
 .text.ntohl    0x0000000000003682        0xc /home/randy/mounriver-studio-projects/UdpServer/NetLib/libwchnet.a(inet.o)
                0x0000000000003682                ntohl
 .text.ip_route
                0x000000000000368e       0x4c /home/randy/mounriver-studio-projects/UdpServer/NetLib/libwchnet.a(ip.o)
                0x000000000000368e                ip_route
 .text.ip_input
                0x00000000000036da      0x29a /home/randy/mounriver-studio-projects/UdpServer/NetLib/libwchnet.a(ip.o)
                0x00000000000036da                ip_input
 .text.ip_output_if
                0x0000000000003974      0x15a /home/randy/mounriver-studio-projects/UdpServer/NetLib/libwchnet.a(ip.o)
                0x0000000000003974                ip_output_if
 .text.ip_output
                0x0000000000003ace       0x36 /home/randy/mounriver-studio-projects/UdpServer/NetLib/libwchnet.a(ip.o)
                0x0000000000003ace                ip_output
 .text.ip_addr_isbroadcast
                0x0000000000003b04       0x4a /home/randy/mounriver-studio-projects/UdpServer/NetLib/libwchnet.a(ip_addr.o)
                0x0000000000003b04                ip_addr_isbroadcast
 .text.ip_reass
                0x0000000000003b4e      0x3dc /home/randy/mounriver-studio-projects/UdpServer/NetLib/libwchnet.a(ip_frag.o)
                0x0000000000003b4e                ip_reass
 .text.ip_frag  0x0000000000003f2a      0x17e /home/randy/mounriver-studio-projects/UdpServer/NetLib/libwchnet.a(ip_frag.o)
                0x0000000000003f2a                ip_frag
 .text.dhcp_set_state
                0x00000000000040a8       0x16 /home/randy/mounriver-studio-projects/UdpServer/NetLib/libwchnet.a(dhcp.o)
 .text.dhcp_option
                0x00000000000040be       0x20 /home/randy/mounriver-studio-projects/UdpServer/NetLib/libwchnet.a(dhcp.o)
 .text.dhcp_option_byte
                0x00000000000040de       0x12 /home/randy/mounriver-studio-projects/UdpServer/NetLib/libwchnet.a(dhcp.o)
 .text.dhcp_option_long
                0x00000000000040f0       0x48 /home/randy/mounriver-studio-projects/UdpServer/NetLib/libwchnet.a(dhcp.o)
 .text.dhcp_option_trailer
                0x0000000000004138       0x34 /home/randy/mounriver-studio-projects/UdpServer/NetLib/libwchnet.a(dhcp.o)
 .text.dhcp_create_request
                0x000000000000416c      0x18a /home/randy/mounriver-studio-projects/UdpServer/NetLib/libwchnet.a(dhcp.o)
 .text.dhcp_delete_request
                0x00000000000042f6       0x1e /home/randy/mounriver-studio-projects/UdpServer/NetLib/libwchnet.a(dhcp.o)
 .text.dhcp_arp_reply
                0x0000000000004314      0x182 /home/randy/mounriver-studio-projects/UdpServer/NetLib/libwchnet.a(dhcp.o)
                0x0000000000004314                dhcp_arp_reply
 .text.lwip_init
                0x0000000000004496       0x18 /home/randy/mounriver-studio-projects/UdpServer/NetLib/libwchnet.a(init.o)
                0x0000000000004496                lwip_init
 .text.mem_init
                0x00000000000044ae       0x3e /home/randy/mounriver-studio-projects/UdpServer/NetLib/libwchnet.a(mem.o)
                0x00000000000044ae                mem_init
 .text.mem_free
                0x00000000000044ec       0x84 /home/randy/mounriver-studio-projects/UdpServer/NetLib/libwchnet.a(mem.o)
                0x00000000000044ec                mem_free
 .text.mem_realloc
                0x0000000000004570       0xca /home/randy/mounriver-studio-projects/UdpServer/NetLib/libwchnet.a(mem.o)
                0x0000000000004570                mem_realloc
 .text.mem_malloc
                0x000000000000463a       0xd0 /home/randy/mounriver-studio-projects/UdpServer/NetLib/libwchnet.a(mem.o)
                0x000000000000463a                mem_malloc
 .text.memp_init
                0x000000000000470a       0x50 /home/randy/mounriver-studio-projects/UdpServer/NetLib/libwchnet.a(memp.o)
                0x000000000000470a                memp_init
 .text.memp_malloc
                0x000000000000475a       0x20 /home/randy/mounriver-studio-projects/UdpServer/NetLib/libwchnet.a(memp.o)
                0x000000000000475a                memp_malloc
 .text.memp_free
                0x000000000000477a       0x18 /home/randy/mounriver-studio-projects/UdpServer/NetLib/libwchnet.a(memp.o)
                0x000000000000477a                memp_free
 .text.netif_set_ipaddr
                0x0000000000004792       0x96 /home/randy/mounriver-studio-projects/UdpServer/NetLib/libwchnet.a(netif.o)
                0x0000000000004792                netif_set_ipaddr
 .text.netif_set_addr
                0x0000000000004828       0x4e /home/randy/mounriver-studio-projects/UdpServer/NetLib/libwchnet.a(netif.o)
                0x0000000000004828                netif_set_addr
 .text.netif_add
                0x0000000000004876       0x5a /home/randy/mounriver-studio-projects/UdpServer/NetLib/libwchnet.a(netif.o)
                0x0000000000004876                netif_add
 .text.netif_set_default
                0x00000000000048d0        0x6 /home/randy/mounriver-studio-projects/UdpServer/NetLib/libwchnet.a(netif.o)
                0x00000000000048d0                netif_set_default
 .text.netif_is_up
                0x00000000000048d6        0x8 /home/randy/mounriver-studio-projects/UdpServer/NetLib/libwchnet.a(netif.o)
                0x00000000000048d6                netif_is_up
 .text.pbuf_header
                0x00000000000048de       0x6e /home/randy/mounriver-studio-projects/UdpServer/NetLib/libwchnet.a(pbuf.o)
                0x00000000000048de                pbuf_header
 .text.pbuf_free
                0x000000000000494c       0x4e /home/randy/mounriver-studio-projects/UdpServer/NetLib/libwchnet.a(pbuf.o)
                0x000000000000494c                pbuf_free
 .text.pbuf_alloc
                0x000000000000499a      0x140 /home/randy/mounriver-studio-projects/UdpServer/NetLib/libwchnet.a(pbuf.o)
                0x000000000000499a                pbuf_alloc
 .text.pbuf_realloc
                0x0000000000004ada       0x58 /home/randy/mounriver-studio-projects/UdpServer/NetLib/libwchnet.a(pbuf.o)
                0x0000000000004ada                pbuf_realloc
 .text.pbuf_clen
                0x0000000000004b32       0x12 /home/randy/mounriver-studio-projects/UdpServer/NetLib/libwchnet.a(pbuf.o)
                0x0000000000004b32                pbuf_clen
 .text.pbuf_ref
                0x0000000000004b44        0xa /home/randy/mounriver-studio-projects/UdpServer/NetLib/libwchnet.a(pbuf.o)
                0x0000000000004b44                pbuf_ref
 .text.pbuf_cat
                0x0000000000004b4e       0x1c /home/randy/mounriver-studio-projects/UdpServer/NetLib/libwchnet.a(pbuf.o)
                0x0000000000004b4e                pbuf_cat
 .text.pbuf_chain
                0x0000000000004b6a       0x14 /home/randy/mounriver-studio-projects/UdpServer/NetLib/libwchnet.a(pbuf.o)
                0x0000000000004b6a                pbuf_chain
 .text.pbuf_copy
                0x0000000000004b7e       0x9c /home/randy/mounriver-studio-projects/UdpServer/NetLib/libwchnet.a(pbuf.o)
                0x0000000000004b7e                pbuf_copy
 .text.raw_input
                0x0000000000004c1a       0x68 /home/randy/mounriver-studio-projects/UdpServer/NetLib/libwchnet.a(raw.o)
                0x0000000000004c1a                raw_input
 .text.raw_bind
                0x0000000000004c82       0x1e /home/randy/mounriver-studio-projects/UdpServer/NetLib/libwchnet.a(raw.o)
                0x0000000000004c82                raw_bind
 .text.raw_connect
                0x0000000000004ca0       0x1e /home/randy/mounriver-studio-projects/UdpServer/NetLib/libwchnet.a(raw.o)
                0x0000000000004ca0                raw_connect
 .text.raw_recv
                0x0000000000004cbe        0x6 /home/randy/mounriver-studio-projects/UdpServer/NetLib/libwchnet.a(raw.o)
                0x0000000000004cbe                raw_recv
 .text.raw_new  0x0000000000004cc4       0x30 /home/randy/mounriver-studio-projects/UdpServer/NetLib/libwchnet.a(raw.o)
                0x0000000000004cc4                raw_new
 .text.tcp_new_port
                0x0000000000004cf4       0x5c /home/randy/mounriver-studio-projects/UdpServer/NetLib/libwchnet.a(tcp.o)
 .text.tcp_bind
                0x0000000000004d50      0x116 /home/randy/mounriver-studio-projects/UdpServer/NetLib/libwchnet.a(tcp.o)
                0x0000000000004d50                tcp_bind
 .text.tcp_update_rcv_ann_wnd
                0x0000000000004e66       0x48 /home/randy/mounriver-studio-projects/UdpServer/NetLib/libwchnet.a(tcp.o)
                0x0000000000004e66                tcp_update_rcv_ann_wnd
 .text.tcp_recved
                0x0000000000004eae       0x3c /home/randy/mounriver-studio-projects/UdpServer/NetLib/libwchnet.a(tcp.o)
                0x0000000000004eae                tcp_recved
 .text.tcp_seg_free
                0x0000000000004eea       0x2a /home/randy/mounriver-studio-projects/UdpServer/NetLib/libwchnet.a(tcp.o)
                0x0000000000004eea                tcp_seg_free
 .text.tcp_segs_free
                0x0000000000004f14       0x1e /home/randy/mounriver-studio-projects/UdpServer/NetLib/libwchnet.a(tcp.o)
                0x0000000000004f14                tcp_segs_free
 .text.tcp_seg_copy
                0x0000000000004f32       0x28 /home/randy/mounriver-studio-projects/UdpServer/NetLib/libwchnet.a(tcp.o)
                0x0000000000004f32                tcp_seg_copy
 .text.tcp_arg  0x0000000000004f5a        0x4 /home/randy/mounriver-studio-projects/UdpServer/NetLib/libwchnet.a(tcp.o)
                0x0000000000004f5a                tcp_arg
 .text.tcp_err  0x0000000000004f5e        0x6 /home/randy/mounriver-studio-projects/UdpServer/NetLib/libwchnet.a(tcp.o)
                0x0000000000004f5e                tcp_err
 .text.tcp_pcb_purge
                0x0000000000004f64       0x4e /home/randy/mounriver-studio-projects/UdpServer/NetLib/libwchnet.a(tcp.o)
                0x0000000000004f64                tcp_pcb_purge
 .text.tcp_pcb_remove
                0x0000000000004fb2       0x72 /home/randy/mounriver-studio-projects/UdpServer/NetLib/libwchnet.a(tcp.o)
                0x0000000000004fb2                tcp_pcb_remove
 .text.tcp_close
                0x0000000000005024       0xb2 /home/randy/mounriver-studio-projects/UdpServer/NetLib/libwchnet.a(tcp.o)
                0x0000000000005024                tcp_close
 .text.tcp_recv_null
                0x00000000000050d6       0x30 /home/randy/mounriver-studio-projects/UdpServer/NetLib/libwchnet.a(tcp.o)
                0x00000000000050d6                tcp_recv_null
 .text.tcp_abandon
                0x0000000000005106       0x9a /home/randy/mounriver-studio-projects/UdpServer/NetLib/libwchnet.a(tcp.o)
                0x0000000000005106                tcp_abandon
 .text.tcp_next_iss
                0x00000000000051a0       0x10 /home/randy/mounriver-studio-projects/UdpServer/NetLib/libwchnet.a(tcp.o)
                0x00000000000051a0                tcp_next_iss
 .text.tcp_alloc
                0x00000000000051b0      0x134 /home/randy/mounriver-studio-projects/UdpServer/NetLib/libwchnet.a(tcp.o)
                0x00000000000051b0                tcp_alloc
 .text.tcp_new  0x00000000000052e4       0x10 /home/randy/mounriver-studio-projects/UdpServer/NetLib/libwchnet.a(tcp.o)
                0x00000000000052e4                tcp_new
 .text.tcp_eff_send_mss
                0x00000000000052f4       0x2e /home/randy/mounriver-studio-projects/UdpServer/NetLib/libwchnet.a(tcp.o)
                0x00000000000052f4                tcp_eff_send_mss
 .text.tcp_oos_insert_segment
                0x0000000000005322       0xce /home/randy/mounriver-studio-projects/UdpServer/NetLib/libwchnet.a(tcp_in.o)
 .text.tcp_receive
                0x00000000000053f0      0x944 /home/randy/mounriver-studio-projects/UdpServer/NetLib/libwchnet.a(tcp_in.o)
 .text.tcp_parseopt.isra.0
                0x0000000000005d34       0xa6 /home/randy/mounriver-studio-projects/UdpServer/NetLib/libwchnet.a(tcp_in.o)
 .text.tcp_input
                0x0000000000005dda      0xa68 /home/randy/mounriver-studio-projects/UdpServer/NetLib/libwchnet.a(tcp_in.o)
                0x0000000000005dda                tcp_input
 .text.tcp_output_set_header.isra.0.constprop.1
                0x0000000000006842       0xd4 /home/randy/mounriver-studio-projects/UdpServer/NetLib/libwchnet.a(tcp_out.o)
 .text.tcp_enqueue
                0x0000000000006916      0x448 /home/randy/mounriver-studio-projects/UdpServer/NetLib/libwchnet.a(tcp_out.o)
                0x0000000000006916                tcp_enqueue
 .text.tcp_send_ctrl
                0x0000000000006d5e       0x16 /home/randy/mounriver-studio-projects/UdpServer/NetLib/libwchnet.a(tcp_out.o)
                0x0000000000006d5e                tcp_send_ctrl
 .text.tcp_send_empty_ack
                0x0000000000006d74       0x70 /home/randy/mounriver-studio-projects/UdpServer/NetLib/libwchnet.a(tcp_out.o)
                0x0000000000006d74                tcp_send_empty_ack
 .text.tcp_output
                0x0000000000006de4      0x368 /home/randy/mounriver-studio-projects/UdpServer/NetLib/libwchnet.a(tcp_out.o)
                0x0000000000006de4                tcp_output
 .text.tcp_rst  0x000000000000714c      0x108 /home/randy/mounriver-studio-projects/UdpServer/NetLib/libwchnet.a(tcp_out.o)
                0x000000000000714c                tcp_rst
 .text.tcp_rexmit
                0x0000000000007254       0x7c /home/randy/mounriver-studio-projects/UdpServer/NetLib/libwchnet.a(tcp_out.o)
                0x0000000000007254                tcp_rexmit
 .text.tcp_rexmit_fast
                0x00000000000072d0       0x62 /home/randy/mounriver-studio-projects/UdpServer/NetLib/libwchnet.a(tcp_out.o)
                0x00000000000072d0                tcp_rexmit_fast
 .text.udp_input
                0x0000000000007332      0x238 /home/randy/mounriver-studio-projects/UdpServer/NetLib/libwchnet.a(udp.o)
                0x0000000000007332                udp_input
 .text.udp_bind
                0x000000000000756a       0x9a /home/randy/mounriver-studio-projects/UdpServer/NetLib/libwchnet.a(udp.o)
                0x000000000000756a                udp_bind
 .text.udp_sendto_if
                0x0000000000007604       0xd6 /home/randy/mounriver-studio-projects/UdpServer/NetLib/libwchnet.a(udp.o)
                0x0000000000007604                udp_sendto_if
 .text.udp_sendto
                0x00000000000076da       0x2e /home/randy/mounriver-studio-projects/UdpServer/NetLib/libwchnet.a(udp.o)
                0x00000000000076da                udp_sendto
 .text.udp_connect
                0x0000000000007708       0x7e /home/randy/mounriver-studio-projects/UdpServer/NetLib/libwchnet.a(udp.o)
                0x0000000000007708                udp_connect
 .text.udp_recv
                0x0000000000007786        0x6 /home/randy/mounriver-studio-projects/UdpServer/NetLib/libwchnet.a(udp.o)
                0x0000000000007786                udp_recv
 .text.udp_new  0x000000000000778c       0x24 /home/randy/mounriver-studio-projects/UdpServer/NetLib/libwchnet.a(udp.o)
                0x000000000000778c                udp_new
 .text.icmp_send_response.isra.0
                0x00000000000077b0       0x76 /home/randy/mounriver-studio-projects/UdpServer/NetLib/libwchnet.a(icmp.o)
 .text.icmp_input
                0x0000000000007826      0x250 /home/randy/mounriver-studio-projects/UdpServer/NetLib/libwchnet.a(icmp.o)
                0x0000000000007826                icmp_input
 .text.icmp_dest_unreach
                0x0000000000007a76       0x14 /home/randy/mounriver-studio-projects/UdpServer/NetLib/libwchnet.a(icmp.o)
                0x0000000000007a76                icmp_dest_unreach
 .text.lwip_standard_chksum
                0x0000000000007a8a       0x7e /home/randy/mounriver-studio-projects/UdpServer/NetLib/libwchnet.a(inet_chksum.o)
 .text.inet_chksum_pseudo
                0x0000000000007b08      0x10a /home/randy/mounriver-studio-projects/UdpServer/NetLib/libwchnet.a(inet_chksum.o)
                0x0000000000007b08                inet_chksum_pseudo
 .text.inet_chksum
                0x0000000000007c12       0x14 /home/randy/mounriver-studio-projects/UdpServer/NetLib/libwchnet.a(inet_chksum.o)
                0x0000000000007c12                inet_chksum
 .text.inet_chksum_pbuf
                0x0000000000007c26       0x6a /home/randy/mounriver-studio-projects/UdpServer/NetLib/libwchnet.a(inet_chksum.o)
                0x0000000000007c26                inet_chksum_pbuf
 .text.printchar
                0x0000000000007c90       0x4a /home/randy/Programs/MounRiverStudio/MounRiverStudio_Linux_X64_V230/MRS-linux-x64/resources/app/resources/linux/components/WCH/Toolchain/RISC-V Embedded GCC/bin/../lib/gcc/riscv-none-embed/8.2.0/../../../../riscv-none-embed/lib/rv32imacxw/ilp32/libprintf.a(wchprintf.o)
                0x0000000000007c90                printchar
 .text.prints   0x0000000000007cda       0xe0 /home/randy/Programs/MounRiverStudio/MounRiverStudio_Linux_X64_V230/MRS-linux-x64/resources/app/resources/linux/components/WCH/Toolchain/RISC-V Embedded GCC/bin/../lib/gcc/riscv-none-embed/8.2.0/../../../../riscv-none-embed/lib/rv32imacxw/ilp32/libprintf.a(wchprintf.o)
                0x0000000000007cda                prints
 .text.printInt
                0x0000000000007dba       0xf2 /home/randy/Programs/MounRiverStudio/MounRiverStudio_Linux_X64_V230/MRS-linux-x64/resources/app/resources/linux/components/WCH/Toolchain/RISC-V Embedded GCC/bin/../lib/gcc/riscv-none-embed/8.2.0/../../../../riscv-none-embed/lib/rv32imacxw/ilp32/libprintf.a(wchprintf.o)
                0x0000000000007dba                printInt
 .text.printLongLongInt
                0x0000000000007eac        0x4 /home/randy/Programs/MounRiverStudio/MounRiverStudio_Linux_X64_V230/MRS-linux-x64/resources/app/resources/linux/components/WCH/Toolchain/RISC-V Embedded GCC/bin/../lib/gcc/riscv-none-embed/8.2.0/../../../../riscv-none-embed/lib/rv32imacxw/ilp32/libprintf.a(wchprintf.o)
                0x0000000000007eac                printLongLongInt
 .text.printDouble
                0x0000000000007eb0        0x4 /home/randy/Programs/MounRiverStudio/MounRiverStudio_Linux_X64_V230/MRS-linux-x64/resources/app/resources/linux/components/WCH/Toolchain/RISC-V Embedded GCC/bin/../lib/gcc/riscv-none-embed/8.2.0/../../../../riscv-none-embed/lib/rv32imacxw/ilp32/libprintf.a(wchprintf.o)
                0x0000000000007eb0                printDouble
 .text.print    0x0000000000007eb4      0x320 /home/randy/Programs/MounRiverStudio/MounRiverStudio_Linux_X64_V230/MRS-linux-x64/resources/app/resources/linux/components/WCH/Toolchain/RISC-V Embedded GCC/bin/../lib/gcc/riscv-none-embed/8.2.0/../../../../riscv-none-embed/lib/rv32imacxw/ilp32/libprintf.a(wchprintf.o)
                0x0000000000007eb4                print
 .text.printf   0x00000000000081d4       0x24 /home/randy/Programs/MounRiverStudio/MounRiverStudio_Linux_X64_V230/MRS-linux-x64/resources/app/resources/linux/components/WCH/Toolchain/RISC-V Embedded GCC/bin/../lib/gcc/riscv-none-embed/8.2.0/../../../../riscv-none-embed/lib/rv32imacxw/ilp32/libprintf.a(wchprintf.o)
                0x00000000000081d4                printf
 .text.sprintf  0x00000000000081f8       0x28 /home/randy/Programs/MounRiverStudio/MounRiverStudio_Linux_X64_V230/MRS-linux-x64/resources/app/resources/linux/components/WCH/Toolchain/RISC-V Embedded GCC/bin/../lib/gcc/riscv-none-embed/8.2.0/../../../../riscv-none-embed/lib/rv32imacxw/ilp32/libprintf.a(wchprintf.o)
                0x00000000000081f8                sprintf
 .text.puts     0x0000000000008220       0x4a /home/randy/Programs/MounRiverStudio/MounRiverStudio_Linux_X64_V230/MRS-linux-x64/resources/app/resources/linux/components/WCH/Toolchain/RISC-V Embedded GCC/bin/../lib/gcc/riscv-none-embed/8.2.0/../../../../riscv-none-embed/lib/rv32imacxw/ilp32/libprintf.a(wchprintf.o)
                0x0000000000008220                puts
 .text.atoi     0x000000000000826a        0x6 /home/randy/Programs/MounRiverStudio/MounRiverStudio_Linux_X64_V230/MRS-linux-x64/resources/app/resources/linux/components/WCH/Toolchain/RISC-V Embedded GCC/bin/../lib/gcc/riscv-none-embed/8.2.0/../../../../riscv-none-embed/lib/rv32imacxw/ilp32/libg_nano.a(lib_a-atoi.o)
                0x000000000000826a                atoi
 .text.__locale_ctype_ptr_l
                0x0000000000008270        0x6 /home/randy/Programs/MounRiverStudio/MounRiverStudio_Linux_X64_V230/MRS-linux-x64/resources/app/resources/linux/components/WCH/Toolchain/RISC-V Embedded GCC/bin/../lib/gcc/riscv-none-embed/8.2.0/../../../../riscv-none-embed/lib/rv32imacxw/ilp32/libg_nano.a(lib_a-locale.o)
                0x0000000000008270                __locale_ctype_ptr_l
 .text.__locale_ctype_ptr
                0x0000000000008276       0x18 /home/randy/Programs/MounRiverStudio/MounRiverStudio_Linux_X64_V230/MRS-linux-x64/resources/app/resources/linux/components/WCH/Toolchain/RISC-V Embedded GCC/bin/../lib/gcc/riscv-none-embed/8.2.0/../../../../riscv-none-embed/lib/rv32imacxw/ilp32/libg_nano.a(lib_a-locale.o)
                0x0000000000008276                __locale_ctype_ptr
 .text.__ascii_mbtowc
                0x000000000000828e       0x32 /home/randy/Programs/MounRiverStudio/MounRiverStudio_Linux_X64_V230/MRS-linux-x64/resources/app/resources/linux/components/WCH/Toolchain/RISC-V Embedded GCC/bin/../lib/gcc/riscv-none-embed/8.2.0/../../../../riscv-none-embed/lib/rv32imacxw/ilp32/libg_nano.a(lib_a-mbtowc_r.o)
                0x000000000000828e                __ascii_mbtowc
 .text.memcpy   0x00000000000082c0       0xb2 /home/randy/Programs/MounRiverStudio/MounRiverStudio_Linux_X64_V230/MRS-linux-x64/resources/app/resources/linux/components/WCH/Toolchain/RISC-V Embedded GCC/bin/../lib/gcc/riscv-none-embed/8.2.0/../../../../riscv-none-embed/lib/rv32imacxw/ilp32/libg_nano.a(lib_a-memcpy.o)
                0x00000000000082c0                memcpy
 .text.memmove  0x0000000000008372       0x46 /home/randy/Programs/MounRiverStudio/MounRiverStudio_Linux_X64_V230/MRS-linux-x64/resources/app/resources/linux/components/WCH/Toolchain/RISC-V Embedded GCC/bin/../lib/gcc/riscv-none-embed/8.2.0/../../../../riscv-none-embed/lib/rv32imacxw/ilp32/libg_nano.a(lib_a-memmove.o)
                0x0000000000008372                memmove
 .text.sscanf   0x00000000000083b8       0x50 /home/randy/Programs/MounRiverStudio/MounRiverStudio_Linux_X64_V230/MRS-linux-x64/resources/app/resources/linux/components/WCH/Toolchain/RISC-V Embedded GCC/bin/../lib/gcc/riscv-none-embed/8.2.0/../../../../riscv-none-embed/lib/rv32imacxw/ilp32/libg_nano.a(lib_a-sscanf.o)
                0x00000000000083b8                sscanf
                0x00000000000083b8                siscanf
 .text.__seofread
                0x0000000000008408        0x4 /home/randy/Programs/MounRiverStudio/MounRiverStudio_Linux_X64_V230/MRS-linux-x64/resources/app/resources/linux/components/WCH/Toolchain/RISC-V Embedded GCC/bin/../lib/gcc/riscv-none-embed/8.2.0/../../../../riscv-none-embed/lib/rv32imacxw/ilp32/libg_nano.a(lib_a-stdio.o)
                0x0000000000008408                __seofread
 .text.strchr   0x000000000000840c       0x18 /home/randy/Programs/MounRiverStudio/MounRiverStudio_Linux_X64_V230/MRS-linux-x64/resources/app/resources/linux/components/WCH/Toolchain/RISC-V Embedded GCC/bin/../lib/gcc/riscv-none-embed/8.2.0/../../../../riscv-none-embed/lib/rv32imacxw/ilp32/libg_nano.a(lib_a-strchr.o)
                0x000000000000840c                strchr
 .text.strlen   0x0000000000008424       0x12 /home/randy/Programs/MounRiverStudio/MounRiverStudio_Linux_X64_V230/MRS-linux-x64/resources/app/resources/linux/components/WCH/Toolchain/RISC-V Embedded GCC/bin/../lib/gcc/riscv-none-embed/8.2.0/../../../../riscv-none-embed/lib/rv32imacxw/ilp32/libg_nano.a(lib_a-strlen.o)
                0x0000000000008424                strlen
 .text.strncat  0x0000000000008436       0x2c /home/randy/Programs/MounRiverStudio/MounRiverStudio_Linux_X64_V230/MRS-linux-x64/resources/app/resources/linux/components/WCH/Toolchain/RISC-V Embedded GCC/bin/../lib/gcc/riscv-none-embed/8.2.0/../../../../riscv-none-embed/lib/rv32imacxw/ilp32/libg_nano.a(lib_a-strncat.o)
                0x0000000000008436                strncat
 .text.strncpy  0x0000000000008462       0x24 /home/randy/Programs/MounRiverStudio/MounRiverStudio_Linux_X64_V230/MRS-linux-x64/resources/app/resources/linux/components/WCH/Toolchain/RISC-V Embedded GCC/bin/../lib/gcc/riscv-none-embed/8.2.0/../../../../riscv-none-embed/lib/rv32imacxw/ilp32/libg_nano.a(lib_a-strncpy.o)
                0x0000000000008462                strncpy
 .text.strtok   0x0000000000008486       0x7c /home/randy/Programs/MounRiverStudio/MounRiverStudio_Linux_X64_V230/MRS-linux-x64/resources/app/resources/linux/components/WCH/Toolchain/RISC-V Embedded GCC/bin/../lib/gcc/riscv-none-embed/8.2.0/../../../../riscv-none-embed/lib/rv32imacxw/ilp32/libg_nano.a(lib_a-strtok.o)
                0x0000000000008486                strtok
 .text.__strtok_r
                0x0000000000008502       0x5c /home/randy/Programs/MounRiverStudio/MounRiverStudio_Linux_X64_V230/MRS-linux-x64/resources/app/resources/linux/components/WCH/Toolchain/RISC-V Embedded GCC/bin/../lib/gcc/riscv-none-embed/8.2.0/../../../../riscv-none-embed/lib/rv32imacxw/ilp32/libg_nano.a(lib_a-strtok_r.o)
                0x0000000000008502                __strtok_r
 .text._strtol_l.isra.0
                0x000000000000855e      0x13a /home/randy/Programs/MounRiverStudio/MounRiverStudio_Linux_X64_V230/MRS-linux-x64/resources/app/resources/linux/components/WCH/Toolchain/RISC-V Embedded GCC/bin/../lib/gcc/riscv-none-embed/8.2.0/../../../../riscv-none-embed/lib/rv32imacxw/ilp32/libg_nano.a(lib_a-strtol.o)
 .text._strtol_r
                0x0000000000008698       0x16 /home/randy/Programs/MounRiverStudio/MounRiverStudio_Linux_X64_V230/MRS-linux-x64/resources/app/resources/linux/components/WCH/Toolchain/RISC-V Embedded GCC/bin/../lib/gcc/riscv-none-embed/8.2.0/../../../../riscv-none-embed/lib/rv32imacxw/ilp32/libg_nano.a(lib_a-strtol.o)
                0x0000000000008698                _strtol_r
 .text.strtol   0x00000000000086ae       0x1e /home/randy/Programs/MounRiverStudio/MounRiverStudio_Linux_X64_V230/MRS-linux-x64/resources/app/resources/linux/components/WCH/Toolchain/RISC-V Embedded GCC/bin/../lib/gcc/riscv-none-embed/8.2.0/../../../../riscv-none-embed/lib/rv32imacxw/ilp32/libg_nano.a(lib_a-strtol.o)
                0x00000000000086ae                strtol
 .text.__ascii_wctomb
                0x00000000000086cc       0x1e /home/randy/Programs/MounRiverStudio/MounRiverStudio_Linux_X64_V230/MRS-linux-x64/resources/app/resources/linux/components/WCH/Toolchain/RISC-V Embedded GCC/bin/../lib/gcc/riscv-none-embed/8.2.0/../../../../riscv-none-embed/lib/rv32imacxw/ilp32/libg_nano.a(lib_a-wctomb_r.o)
                0x00000000000086cc                __ascii_wctomb
 .text.malloc   0x00000000000086ea        0xa /home/randy/Programs/MounRiverStudio/MounRiverStudio_Linux_X64_V230/MRS-linux-x64/resources/app/resources/linux/components/WCH/Toolchain/RISC-V Embedded GCC/bin/../lib/gcc/riscv-none-embed/8.2.0/../../../../riscv-none-embed/lib/rv32imacxw/ilp32/libg_nano.a(lib_a-malloc.o)
                0x00000000000086ea                malloc
 .text._free_r  0x00000000000086f4       0xa8 /home/randy/Programs/MounRiverStudio/MounRiverStudio_Linux_X64_V230/MRS-linux-x64/resources/app/resources/linux/components/WCH/Toolchain/RISC-V Embedded GCC/bin/../lib/gcc/riscv-none-embed/8.2.0/../../../../riscv-none-embed/lib/rv32imacxw/ilp32/libg_nano.a(lib_a-nano-freer.o)
                0x00000000000086f4                _free_r
 .text._malloc_r
                0x000000000000879c       0xda /home/randy/Programs/MounRiverStudio/MounRiverStudio_Linux_X64_V230/MRS-linux-x64/resources/app/resources/linux/components/WCH/Toolchain/RISC-V Embedded GCC/bin/../lib/gcc/riscv-none-embed/8.2.0/../../../../riscv-none-embed/lib/rv32imacxw/ilp32/libg_nano.a(lib_a-nano-mallocr.o)
                0x000000000000879c                _malloc_r
 .text._sungetc_r
                0x0000000000008876       0x96 /home/randy/Programs/MounRiverStudio/MounRiverStudio_Linux_X64_V230/MRS-linux-x64/resources/app/resources/linux/components/WCH/Toolchain/RISC-V Embedded GCC/bin/../lib/gcc/riscv-none-embed/8.2.0/../../../../riscv-none-embed/lib/rv32imacxw/ilp32/libg_nano.a(lib_a-nano-svfscanf.o)
                0x0000000000008876                _sungetc_r
 .text.__ssrefill_r
                0x000000000000890c       0x44 /home/randy/Programs/MounRiverStudio/MounRiverStudio_Linux_X64_V230/MRS-linux-x64/resources/app/resources/linux/components/WCH/Toolchain/RISC-V Embedded GCC/bin/../lib/gcc/riscv-none-embed/8.2.0/../../../../riscv-none-embed/lib/rv32imacxw/ilp32/libg_nano.a(lib_a-nano-svfscanf.o)
                0x000000000000890c                __ssrefill_r
 .text.__ssvfscanf_r
                0x0000000000008950      0x3a2 /home/randy/Programs/MounRiverStudio/MounRiverStudio_Linux_X64_V230/MRS-linux-x64/resources/app/resources/linux/components/WCH/Toolchain/RISC-V Embedded GCC/bin/../lib/gcc/riscv-none-embed/8.2.0/../../../../riscv-none-embed/lib/rv32imacxw/ilp32/libg_nano.a(lib_a-nano-svfscanf.o)
                0x0000000000008950                __ssvfscanf_r
                0x0000000000008950                __ssvfiscanf_r
 .text._scanf_chars
                0x0000000000008cf2       0xe2 /home/randy/Programs/MounRiverStudio/MounRiverStudio_Linux_X64_V230/MRS-linux-x64/resources/app/resources/linux/components/WCH/Toolchain/RISC-V Embedded GCC/bin/../lib/gcc/riscv-none-embed/8.2.0/../../../../riscv-none-embed/lib/rv32imacxw/ilp32/libg_nano.a(lib_a-nano-vfscanf_i.o)
                0x0000000000008cf2                _scanf_chars
 .text._scanf_i
                0x0000000000008dd4      0x256 /home/randy/Programs/MounRiverStudio/MounRiverStudio_Linux_X64_V230/MRS-linux-x64/resources/app/resources/linux/components/WCH/Toolchain/RISC-V Embedded GCC/bin/../lib/gcc/riscv-none-embed/8.2.0/../../../../riscv-none-embed/lib/rv32imacxw/ilp32/libg_nano.a(lib_a-nano-vfscanf_i.o)
                0x0000000000008dd4                _scanf_i
 .text._sbrk_r  0x000000000000902a       0x32 /home/randy/Programs/MounRiverStudio/MounRiverStudio_Linux_X64_V230/MRS-linux-x64/resources/app/resources/linux/components/WCH/Toolchain/RISC-V Embedded GCC/bin/../lib/gcc/riscv-none-embed/8.2.0/../../../../riscv-none-embed/lib/rv32imacxw/ilp32/libg_nano.a(lib_a-sbrkr.o)
                0x000000000000902a                _sbrk_r
 .text.__sccl   0x000000000000905c       0x82 /home/randy/Programs/MounRiverStudio/MounRiverStudio_Linux_X64_V230/MRS-linux-x64/resources/app/resources/linux/components/WCH/Toolchain/RISC-V Embedded GCC/bin/../lib/gcc/riscv-none-embed/8.2.0/../../../../riscv-none-embed/lib/rv32imacxw/ilp32/libg_nano.a(lib_a-sccl.o)
                0x000000000000905c                __sccl
 .text._strtoul_l.isra.0
                0x00000000000090de      0x130 /home/randy/Programs/MounRiverStudio/MounRiverStudio_Linux_X64_V230/MRS-linux-x64/resources/app/resources/linux/components/WCH/Toolchain/RISC-V Embedded GCC/bin/../lib/gcc/riscv-none-embed/8.2.0/../../../../riscv-none-embed/lib/rv32imacxw/ilp32/libg_nano.a(lib_a-strtoul.o)
 .text._strtoul_r
                0x000000000000920e       0x16 /home/randy/Programs/MounRiverStudio/MounRiverStudio_Linux_X64_V230/MRS-linux-x64/resources/app/resources/linux/components/WCH/Toolchain/RISC-V Embedded GCC/bin/../lib/gcc/riscv-none-embed/8.2.0/../../../../riscv-none-embed/lib/rv32imacxw/ilp32/libg_nano.a(lib_a-strtoul.o)
                0x000000000000920e                _strtoul_r
 .text.__submore
                0x0000000000009224       0x84 /home/randy/Programs/MounRiverStudio/MounRiverStudio_Linux_X64_V230/MRS-linux-x64/resources/app/resources/linux/components/WCH/Toolchain/RISC-V Embedded GCC/bin/../lib/gcc/riscv-none-embed/8.2.0/../../../../riscv-none-embed/lib/rv32imacxw/ilp32/libg_nano.a(lib_a-ungetc.o)
                0x0000000000009224                __submore
 .text.memchr   0x00000000000092a8       0x18 /home/randy/Programs/MounRiverStudio/MounRiverStudio_Linux_X64_V230/MRS-linux-x64/resources/app/resources/linux/components/WCH/Toolchain/RISC-V Embedded GCC/bin/../lib/gcc/riscv-none-embed/8.2.0/../../../../riscv-none-embed/lib/rv32imacxw/ilp32/libg_nano.a(lib_a-memchr.o)
                0x00000000000092a8                memchr
 .text.__malloc_lock
                0x00000000000092c0        0x2 /home/randy/Programs/MounRiverStudio/MounRiverStudio_Linux_X64_V230/MRS-linux-x64/resources/app/resources/linux/components/WCH/Toolchain/RISC-V Embedded GCC/bin/../lib/gcc/riscv-none-embed/8.2.0/../../../../riscv-none-embed/lib/rv32imacxw/ilp32/libg_nano.a(lib_a-mlock.o)
                0x00000000000092c0                __malloc_lock
 .text.__malloc_unlock
                0x00000000000092c2        0x2 /home/randy/Programs/MounRiverStudio/MounRiverStudio_Linux_X64_V230/MRS-linux-x64/resources/app/resources/linux/components/WCH/Toolchain/RISC-V Embedded GCC/bin/../lib/gcc/riscv-none-embed/8.2.0/../../../../riscv-none-embed/lib/rv32imacxw/ilp32/libg_nano.a(lib_a-mlock.o)
                0x00000000000092c2                __malloc_unlock
 .text._realloc_r
                0x00000000000092c4       0x58 /home/randy/Programs/MounRiverStudio/MounRiverStudio_Linux_X64_V230/MRS-linux-x64/resources/app/resources/linux/components/WCH/Toolchain/RISC-V Embedded GCC/bin/../lib/gcc/riscv-none-embed/8.2.0/../../../../riscv-none-embed/lib/rv32imacxw/ilp32/libg_nano.a(lib_a-nano-reallocr.o)
                0x00000000000092c4                _realloc_r
 .text._malloc_usable_size_r
                0x000000000000931c       0x14 /home/randy/Programs/MounRiverStudio/MounRiverStudio_Linux_X64_V230/MRS-linux-x64/resources/app/resources/linux/components/WCH/Toolchain/RISC-V Embedded GCC/bin/../lib/gcc/riscv-none-embed/8.2.0/../../../../riscv-none-embed/lib/rv32imacxw/ilp32/libg_nano.a(lib_a-nano-msizer.o)
                0x000000000000931c                _malloc_usable_size_r
 *(.rodata)
 *(.rodata*)
 *fill*         0x0000000000009330        0x0 
 .rodata.HardFault_Handler.str1.4
                0x0000000000009330       0x42 ./User/ch32v30x_it.o
 *fill*         0x0000000000009372        0x2 
 .rodata.Config_Load.str1.4
                0x0000000000009374       0x68 ./User/config.o
 .rodata.cfg_handler.str1.4
                0x00000000000093dc      0x137 ./User/config.o
 *fill*         0x0000000000009513        0x1 
 .rodata.g_ini_text
                0x0000000000009514      0x417 ./User/config.o
 *fill*         0x000000000000992b        0x1 
 .rodata.GPIO_ParsePin
                0x000000000000992c       0x14 ./User/gpio_mgr.o
 .rodata.GPIO_ParsePin.str1.4
                0x0000000000009940       0x43 ./User/gpio_mgr.o
 *fill*         0x0000000000009983        0x1 
 .rodata.reserved_pins
                0x0000000000009984       0x38 ./User/gpio_mgr.o
 .rodata.str1.4
                0x00000000000099bc       0x51 ./User/gpio_mgr.o
 *fill*         0x0000000000009a0d        0x3 
 .rodata.Button_Init.str1.4
                0x0000000000009a10       0x20 ./User/main.o
 .rodata.Button_Task.str1.4
                0x0000000000009a30       0x61 ./User/main.o
 *fill*         0x0000000000009a91        0x3 
 .rodata.Encoder_Init.str1.4
                0x0000000000009a94       0x21 ./User/main.o
 *fill*         0x0000000000009ab5        0x3 
 .rodata.Encoder_Task.str1.4
                0x0000000000009ab8       0x29 ./User/main.o
 *fill*         0x0000000000009ae1        0x3 
 .rodata.WCHNET_CreateUdpSocket.str1.4
                0x0000000000009ae4        0xe ./User/main.o
 *fill*         0x0000000000009af2        0x2 
 .rodata.WCHNET_UdpServerRecv.str1.4
                0x0000000000009af4       0x36 ./User/main.o
 *fill*         0x0000000000009b2a        0x2 
 .rodata.mStopIfError.str1.4
                0x0000000000009b2c        0xe ./User/main.o
 *fill*         0x0000000000009b3a        0x2 
 .rodata.main.str1.4
                0x0000000000009b3c      0x10a ./User/main.o
                                        0x10e (size before relaxing)
 *fill*         0x0000000000009c46        0x2 
 .rodata.quad_table
                0x0000000000009c48       0x10 ./User/main.o
 .rodata.MemNum
                0x0000000000009c58       0x10 ./NetLib/eth_driver_10M.o
                0x0000000000009c58                MemNum
 .rodata.MemSize
                0x0000000000009c68       0x10 ./NetLib/eth_driver_10M.o
                0x0000000000009c68                MemSize
 .rodata.ErrTable
                0x0000000000009c78       0x10 /home/randy/mounriver-studio-projects/UdpServer/NetLib/libwchnet.a(socket.o)
                0x0000000000009c78                ErrTable
 .rodata.tcp_close
                0x0000000000009c88       0x20 /home/randy/mounriver-studio-projects/UdpServer/NetLib/libwchnet.a(tcp.o)
 .rodata.tcp_input
                0x0000000000009ca8       0x20 /home/randy/mounriver-studio-projects/UdpServer/NetLib/libwchnet.a(tcp_in.o)
 .rodata.print.str1.4
                0x0000000000009cc8        0x7 /home/randy/Programs/MounRiverStudio/MounRiverStudio_Linux_X64_V230/MRS-linux-x64/resources/app/resources/linux/components/WCH/Toolchain/RISC-V Embedded GCC/bin/../lib/gcc/riscv-none-embed/8.2.0/../../../../riscv-none-embed/lib/rv32imacxw/ilp32/libprintf.a(wchprintf.o)
 *fill*         0x0000000000009ccf        0x1 
 .rodata._setlocale_r.str1.4
                0x0000000000009cd0        0xa /home/randy/Programs/MounRiverStudio/MounRiverStudio_Linux_X64_V230/MRS-linux-x64/resources/app/resources/linux/components/WCH/Toolchain/RISC-V Embedded GCC/bin/../lib/gcc/riscv-none-embed/8.2.0/../../../../riscv-none-embed/lib/rv32imacxw/ilp32/libg_nano.a(lib_a-locale.o)
                                          0xd (size before relaxing)
 .rodata.str1.4
                0x0000000000009cda        0x2 /home/randy/Programs/MounRiverStudio/MounRiverStudio_Linux_X64_V230/MRS-linux-x64/resources/app/resources/linux/components/WCH/Toolchain/RISC-V Embedded GCC/bin/../lib/gcc/riscv-none-embed/8.2.0/../../../../riscv-none-embed/lib/rv32imacxw/ilp32/libg_nano.a(lib_a-locale.o)
 *fill*         0x0000000000009cda        0x2 
 .rodata._ctype_
                0x0000000000009cdc      0x101 /home/randy/Programs/MounRiverStudio/MounRiverStudio_Linux_X64_V230/MRS-linux-x64/resources/app/resources/linux/components/WCH/Toolchain/RISC-V Embedded GCC/bin/../lib/gcc/riscv-none-embed/8.2.0/../../../../riscv-none-embed/lib/rv32imacxw/ilp32/libg_nano.a(lib_a-ctype_.o)
                0x0000000000009cdc                _ctype_
 *fill*         0x0000000000009ddd        0x3 
 .rodata.__ssvfscanf_r.str1.4
                0x0000000000009de0        0x4 /home/randy/Programs/MounRiverStudio/MounRiverStudio_Linux_X64_V230/MRS-linux-x64/resources/app/resources/linux/components/WCH/Toolchain/RISC-V Embedded GCC/bin/../lib/gcc/riscv-none-embed/8.2.0/../../../../riscv-none-embed/lib/rv32imacxw/ilp32/libg_nano.a(lib_a-nano-svfscanf.o)
 .rodata._scanf_i.str1.4
                0x0000000000009de4       0x12 /home/randy/Programs/MounRiverStudio/MounRiverStudio_Linux_X64_V230/MRS-linux-x64/resources/app/resources/linux/components/WCH/Toolchain/RISC-V Embedded GCC/bin/../lib/gcc/riscv-none-embed/8.2.0/../../../../riscv-none-embed/lib/rv32imacxw/ilp32/libg_nano.a(lib_a-nano-vfscanf_i.o)
 *fill*         0x0000000000009df6        0x2 
 .rodata.str1.4
                0x0000000000009df8        0xc /home/randy/Programs/MounRiverStudio/MounRiverStudio_Linux_X64_V230/MRS-linux-x64/resources/app/resources/linux/components/WCH/Toolchain/RISC-V Embedded GCC/bin/../lib/gcc/riscv-none-embed/8.2.0/../../../../riscv-none-embed/lib/rv32imacxw/ilp32/libg_nano.a(lib_a-nano-vfscanf_i.o)
                                          0xb (size before relaxing)
 .rodata.__sf_fake_stderr
                0x0000000000009e04       0x20 /home/randy/Programs/MounRiverStudio/MounRiverStudio_Linux_X64_V230/MRS-linux-x64/resources/app/resources/linux/components/WCH/Toolchain/RISC-V Embedded GCC/bin/../lib/gcc/riscv-none-embed/8.2.0/../../../../riscv-none-embed/lib/rv32imacxw/ilp32/libg_nano.a(lib_a-findfp.o)
                0x0000000000009e04                __sf_fake_stderr
 .rodata.__sf_fake_stdin
                0x0000000000009e24       0x20 /home/randy/Programs/MounRiverStudio/MounRiverStudio_Linux_X64_V230/MRS-linux-x64/resources/app/resources/linux/components/WCH/Toolchain/RISC-V Embedded GCC/bin/../lib/gcc/riscv-none-embed/8.2.0/../../../../riscv-none-embed/lib/rv32imacxw/ilp32/libg_nano.a(lib_a-findfp.o)
                0x0000000000009e24                __sf_fake_stdin
 .rodata.__sf_fake_stdout
                0x0000000000009e44       0x20 /home/randy/Programs/MounRiverStudio/MounRiverStudio_Linux_X64_V230/MRS-linux-x64/resources/app/resources/linux/components/WCH/Toolchain/RISC-V Embedded GCC/bin/../lib/gcc/riscv-none-embed/8.2.0/../../../../riscv-none-embed/lib/rv32imacxw/ilp32/libg_nano.a(lib_a-findfp.o)
                0x0000000000009e44                __sf_fake_stdout
 *(.gnu.linkonce.t.*)
                0x0000000000009e64                . = ALIGN (0x4)

.rela.dyn       0x0000000000009e64        0x0
 .rela.text.HardFault_Handler
                0x0000000000009e64        0x0 ./User/ch32v30x_it.o
 .rela.text.Config_Load
                0x0000000000009e64        0x0 ./User/ch32v30x_it.o
 .rela.text.GPIO_ParsePin
                0x0000000000009e64        0x0 ./User/ch32v30x_it.o
 .rela.text.mStopIfError
                0x0000000000009e64        0x0 ./User/ch32v30x_it.o
 .rela.text.WCHNET_UdpServerRecv
                0x0000000000009e64        0x0 ./User/ch32v30x_it.o
 .rela.text.WCHNET_CreateUdpSocket
                0x0000000000009e64        0x0 ./User/ch32v30x_it.o
 .rela.text.Button_Init
                0x0000000000009e64        0x0 ./User/ch32v30x_it.o
 .rela.text.Button_Task
                0x0000000000009e64        0x0 ./User/ch32v30x_it.o
 .rela.text.Encoder_Init
                0x0000000000009e64        0x0 ./User/ch32v30x_it.o
 .rela.text.Encoder_Task
                0x0000000000009e64        0x0 ./User/ch32v30x_it.o
 .rela.text.startup.main
                0x0000000000009e64        0x0 ./User/ch32v30x_it.o
 .rela.init     0x0000000000009e64        0x0 ./User/ch32v30x_it.o
 .rela.vector   0x0000000000009e64        0x0 ./User/ch32v30x_it.o
 .rela.text.handle_reset
                0x0000000000009e64        0x0 ./User/ch32v30x_it.o
 .rela.text._sbrk
                0x0000000000009e64        0x0 ./User/ch32v30x_it.o
 .rela.sdata.curbrk.5590
                0x0000000000009e64        0x0 ./User/ch32v30x_it.o
 .rela.text.prints
                0x0000000000009e64        0x0 ./User/ch32v30x_it.o
 .rela.text.printInt
                0x0000000000009e64        0x0 ./User/ch32v30x_it.o
 .rela.text.print
                0x0000000000009e64        0x0 ./User/ch32v30x_it.o
 .rela.text.printf
                0x0000000000009e64        0x0 ./User/ch32v30x_it.o
 .rela.text.sprintf
                0x0000000000009e64        0x0 ./User/ch32v30x_it.o
 .rela.text.__ssvfscanf_r
                0x0000000000009e64        0x0 ./User/ch32v30x_it.o
 .rela.text._sbrk_r
                0x0000000000009e64        0x0 ./User/ch32v30x_it.o

.fini           0x0000000000009e64        0x0
 *(SORT_NONE(.fini))
                0x0000000000009e64                . = ALIGN (0x4)
                [!provide]                        PROVIDE (_etext = .)
                [!provide]                        PROVIDE (_eitcm = .)

.preinit_array  0x0000000000009e64        0x0
                [!provide]                        PROVIDE (__preinit_array_start = .)
 *(.preinit_array)
                [!provide]                        PROVIDE (__preinit_array_end = .)

.init_array     0x0000000000009e64        0x0
                [!provide]                        PROVIDE (__init_array_start = .)
 *(SORT_BY_INIT_PRIORITY(.init_array.*) SORT_BY_INIT_PRIORITY(.ctors.*))
 *(.init_array EXCLUDE_FILE(*crtend?.o *crtend.o *crtbegin?.o *crtbegin.o) .ctors)
                [!provide]                        PROVIDE (__init_array_end = .)

.fini_array     0x0000000000009e64        0x0
                [!provide]                        PROVIDE (__fini_array_start = .)
 *(SORT_BY_INIT_PRIORITY(.fini_array.*) SORT_BY_INIT_PRIORITY(.dtors.*))
 *(.fini_array EXCLUDE_FILE(*crtend?.o *crtend.o *crtbegin?.o *crtbegin.o) .dtors)
                [!provide]                        PROVIDE (__fini_array_end = .)

.ctors
 *crtbegin.o(.ctors)
 *crtbegin?.o(.ctors)
 *(EXCLUDE_FILE(*crtend?.o *crtend.o) .ctors)
 *(SORT_BY_NAME(.ctors.*))
 *(.ctors)

.dtors
 *crtbegin.o(.dtors)
 *crtbegin?.o(.dtors)
 *(EXCLUDE_FILE(*crtend?.o *crtend.o) .dtors)
 *(SORT_BY_NAME(.dtors.*))
 *(.dtors)

.dalign         0x0000000020000000        0x0 load address 0x0000000000009e64
                0x0000000020000000                . = ALIGN (0x4)
                0x0000000020000000                PROVIDE (_data_vma = .)

.dlalign        0x0000000000009e64        0x0
                0x0000000000009e64                . = ALIGN (0x4)
                0x0000000000009e64                PROVIDE (_data_lma = .)

.data           0x0000000020000000      0x280 load address 0x0000000000009e64
 *(.gnu.linkonce.r.*)
 *(.data .data.*)
 .data.SocketMyBuf
                0x0000000020000000       0x2d ./User/main.o
                0x0000000020000000                SocketMyBuf
 *fill*         0x000000002000002d        0x3 
 .data.AHBPrescTable
                0x0000000020000030       0x10 ./User/system_ch32v30x.o
                0x0000000020000030                AHBPrescTable
 .data.APBAHBPrescTable
                0x0000000020000040       0x10 ./Peripheral/src/ch32v30x_rcc.o
 .data.__global_locale
                0x0000000020000050      0x16c /home/randy/Programs/MounRiverStudio/MounRiverStudio_Linux_X64_V230/MRS-linux-x64/resources/app/resources/linux/components/WCH/Toolchain/RISC-V Embedded GCC/bin/../lib/gcc/riscv-none-embed/8.2.0/../../../../riscv-none-embed/lib/rv32imacxw/ilp32/libg_nano.a(lib_a-locale.o)
                0x0000000020000050                __global_locale
 .data.impure_data
                0x00000000200001bc       0x60 /home/randy/Programs/MounRiverStudio/MounRiverStudio_Linux_X64_V230/MRS-linux-x64/resources/app/resources/linux/components/WCH/Toolchain/RISC-V Embedded GCC/bin/../lib/gcc/riscv-none-embed/8.2.0/../../../../riscv-none-embed/lib/rv32imacxw/ilp32/libg_nano.a(lib_a-impure.o)
 *(.gnu.linkonce.d.*)
                0x0000000020000220                . = ALIGN (0x8)
 *fill*         0x000000002000021c        0x4 
                0x0000000020000a20                PROVIDE (__global_pointer$ = (. + 0x800))
 *(.sdata .sdata.*)
 .sdata.newline_str
                0x0000000020000220        0x2 ./User/config.o
                0x0000000020000220                newline_str
 *fill*         0x0000000020000222        0x2 
 .sdata.BroadcastAddr
                0x0000000020000224        0x4 ./User/main.o
                0x0000000020000224                BroadcastAddr
 .sdata.BroadcastPort
                0x0000000020000228        0x2 ./User/main.o
                0x0000000020000228                BroadcastPort
 *fill*         0x000000002000022a        0x2 
 .sdata.GWIPAddr
                0x000000002000022c        0x4 ./User/main.o
                0x000000002000022c                GWIPAddr
 .sdata.IPAddr  0x0000000020000230        0x4 ./User/main.o
                0x0000000020000230                IPAddr
 .sdata.IPMask  0x0000000020000234        0x4 ./User/main.o
                0x0000000020000234                IPMask
 .sdata.srcport
                0x0000000020000238        0x2 ./User/main.o
                0x0000000020000238                srcport
 *fill*         0x000000002000023a        0x2 
 .sdata.SystemCoreClock
                0x000000002000023c        0x4 ./User/system_ch32v30x.o
                0x000000002000023c                SystemCoreClock
 .sdata.ADCPrescTable
                0x0000000020000240        0x4 ./Peripheral/src/ch32v30x_rcc.o
 .sdata.phyPN   0x0000000020000244        0x1 ./NetLib/eth_driver_10M.o
                0x0000000020000244                phyPN
 *fill*         0x0000000020000245        0x3 
 .sdata.curbrk.5590
                0x0000000020000248        0x4 ./Debug/debug.o
 .sdata.DHCPXid
                0x000000002000024c        0x4 /home/randy/mounriver-studio-projects/UdpServer/NetLib/libwchnet.a(net_dhcp.o)
                0x000000002000024c                DHCPXid
 .sdata.arp_table
                0x0000000020000250        0x4 /home/randy/mounriver-studio-projects/UdpServer/NetLib/libwchnet.a(etharp.o)
                0x0000000020000250                arp_table
 .sdata.memp_num
                0x0000000020000254        0x4 /home/randy/mounriver-studio-projects/UdpServer/NetLib/libwchnet.a(memp.o)
                0x0000000020000254                memp_num
 .sdata.memp_sizes
                0x0000000020000258        0x4 /home/randy/mounriver-studio-projects/UdpServer/NetLib/libwchnet.a(memp.o)
                0x0000000020000258                memp_sizes
 .sdata.iss.3197
                0x000000002000025c        0x4 /home/randy/mounriver-studio-projects/UdpServer/NetLib/libwchnet.a(tcp.o)
 .sdata.port.3029
                0x0000000020000260        0x2 /home/randy/mounriver-studio-projects/UdpServer/NetLib/libwchnet.a(tcp.o)
 *fill*         0x0000000020000262        0x2 
 .sdata._impure_ptr
                0x0000000020000264        0x4 /home/randy/Programs/MounRiverStudio/MounRiverStudio_Linux_X64_V230/MRS-linux-x64/resources/app/resources/linux/components/WCH/Toolchain/RISC-V Embedded GCC/bin/../lib/gcc/riscv-none-embed/8.2.0/../../../../riscv-none-embed/lib/rv32imacxw/ilp32/libg_nano.a(lib_a-impure.o)
                0x0000000020000264                _impure_ptr
 *(.sdata2.*)
 .sdata2.ethbroadcast
                0x0000000020000268        0x6 /home/randy/mounriver-studio-projects/UdpServer/NetLib/libwchnet.a(etharp.o)
                0x0000000020000268                ethbroadcast
 *fill*         0x000000002000026e        0x2 
 .sdata2.ethzero
                0x0000000020000270        0x6 /home/randy/mounriver-studio-projects/UdpServer/NetLib/libwchnet.a(etharp.o)
                0x0000000020000270                ethzero
 *fill*         0x0000000020000276        0x2 
 .sdata2.ip_addr_any
                0x0000000020000278        0x4 /home/randy/mounriver-studio-projects/UdpServer/NetLib/libwchnet.a(ip_addr.o)
                0x0000000020000278                ip_addr_any
 .sdata2.ip_addr_broadcast
                0x000000002000027c        0x4 /home/randy/mounriver-studio-projects/UdpServer/NetLib/libwchnet.a(ip_addr.o)
                0x000000002000027c                ip_addr_broadcast
 *(.gnu.linkonce.s.*)
                0x0000000020000280                . = ALIGN (0x8)
 *(.srodata.cst16)
 *(.srodata.cst8)
 *(.srodata.cst4)
 *(.srodata.cst2)
 *(.srodata .srodata.*)
                0x0000000020000280                . = ALIGN (0x4)
                0x0000000020000280                PROVIDE (_edata = .)

.bss            0x0000000020000280     0x652c load address 0x000000000000a0e4
                0x0000000020000280                . = ALIGN (0x4)
                0x0000000020000280                PROVIDE (_sbss = .)
 *(.sbss*)
 .sbss.current_len
                0x0000000020000280        0x4 ./User/config.o
                0x0000000020000280                current_len
 .sbss.MACAddr  0x0000000020000284        0x6 ./User/main.o
                0x0000000020000284                MACAddr
 .sbss.SocketId
                0x000000002000028a        0x1 ./User/main.o
                0x000000002000028a                SocketId
 *fill*         0x000000002000028b        0x1 
 .sbss.g_msTicks
                0x000000002000028c        0x4 ./User/timebase.o
 .sbss.DMARxDescToGet
                0x0000000020000290        0x4 ./Peripheral/src/ch32v30x_eth.o
                0x0000000020000290                DMARxDescToGet
 .sbss.DMATxDescToSet
                0x0000000020000294        0x4 ./Peripheral/src/ch32v30x_eth.o
                0x0000000020000294                DMATxDescToSet
 .sbss.ChipId   0x0000000020000298        0x4 ./NetLib/eth_driver_10M.o
                0x0000000020000298                ChipId
 .sbss.LinkSuccTime
                0x000000002000029c        0x4 ./NetLib/eth_driver_10M.o
                0x000000002000029c                LinkSuccTime
 .sbss.LocalTime
                0x00000000200002a0        0x4 ./NetLib/eth_driver_10M.o
                0x00000000200002a0                LocalTime
 .sbss.PhyPolarityDetect
                0x00000000200002a4        0x1 ./NetLib/eth_driver_10M.o
                0x00000000200002a4                PhyPolarityDetect
 *fill*         0x00000000200002a5        0x3 
 .sbss.RandVal  0x00000000200002a8        0x4 ./NetLib/eth_driver_10M.o
                0x00000000200002a8                RandVal
 .sbss.TRDetectStep
                0x00000000200002ac        0x1 ./NetLib/eth_driver_10M.o
                0x00000000200002ac                TRDetectStep
 *fill*         0x00000000200002ad        0x1 
 .sbss.gPHYAddress
                0x00000000200002ae        0x2 ./NetLib/eth_driver_10M.o
                0x00000000200002ae                gPHYAddress
 .sbss.pDMARxSet
                0x00000000200002b0        0x4 ./NetLib/eth_driver_10M.o
                0x00000000200002b0                pDMARxSet
 .sbss.pDMATxSet
                0x00000000200002b4        0x4 ./NetLib/eth_driver_10M.o
                0x00000000200002b4                pDMATxSet
 .sbss.phyLinkCnt
                0x00000000200002b8        0x1 ./NetLib/eth_driver_10M.o
                0x00000000200002b8                phyLinkCnt
 .sbss.phyLinkReset
                0x00000000200002b9        0x1 ./NetLib/eth_driver_10M.o
                0x00000000200002b9                phyLinkReset
 .sbss.phyLinkStatus
                0x00000000200002ba        0x1 ./NetLib/eth_driver_10M.o
                0x00000000200002ba                phyLinkStatus
 *fill*         0x00000000200002bb        0x1 
 .sbss.phyLinkTime
                0x00000000200002bc        0x4 ./NetLib/eth_driver_10M.o
                0x00000000200002bc                phyLinkTime
 .sbss.phyNegoLinkTime
                0x00000000200002c0        0x4 ./NetLib/eth_driver_10M.o
                0x00000000200002c0                phyNegoLinkTime
 .sbss.phyNegoStat
                0x00000000200002c4        0x1 ./NetLib/eth_driver_10M.o
                0x00000000200002c4                phyNegoStat
 .sbss.phyStatus
                0x00000000200002c5        0x1 ./NetLib/eth_driver_10M.o
                0x00000000200002c5                phyStatus
 .sbss.phySucCnt
                0x00000000200002c6        0x1 ./NetLib/eth_driver_10M.o
                0x00000000200002c6                phySucCnt
 *fill*         0x00000000200002c7        0x1 
 .sbss.p_ms     0x00000000200002c8        0x2 ./Debug/debug.o
 .sbss.p_us     0x00000000200002ca        0x1 ./Debug/debug.o
 *fill*         0x00000000200002cb        0x1 
 .sbss.TxTimer  0x00000000200002cc        0x4 /home/randy/mounriver-studio-projects/UdpServer/NetLib/libwchnet.a(eth_api.o)
                0x00000000200002cc                TxTimer
 .sbss.ARP_Retry_Cnt
                0x00000000200002d0        0x1 /home/randy/mounriver-studio-projects/UdpServer/NetLib/libwchnet.a(socket.o)
                0x00000000200002d0                ARP_Retry_Cnt
 .sbss.ARP_Retry_Period
                0x00000000200002d1        0x1 /home/randy/mounriver-studio-projects/UdpServer/NetLib/libwchnet.a(socket.o)
                0x00000000200002d1                ARP_Retry_Period
 .sbss.Arp_Entry_timeout
                0x00000000200002d2        0x2 /home/randy/mounriver-studio-projects/UdpServer/NetLib/libwchnet.a(socket.o)
                0x00000000200002d2                Arp_Entry_timeout
 .sbss.SockNumber
                0x00000000200002d4        0x1 /home/randy/mounriver-studio-projects/UdpServer/NetLib/libwchnet.a(socket.o)
                0x00000000200002d4                SockNumber
 *fill*         0x00000000200002d5        0x3 
 .sbss.TCPVerifyConnCallback
                0x00000000200002d8        0x4 /home/randy/mounriver-studio-projects/UdpServer/NetLib/libwchnet.a(socket.o)
                0x00000000200002d8                TCPVerifyConnCallback
 .sbss.phydata  0x00000000200002dc        0x1 /home/randy/mounriver-studio-projects/UdpServer/NetLib/libwchnet.a(socket.o)
                0x00000000200002dc                phydata
 .sbss.etharp_cached_entry
                0x00000000200002dd        0x1 /home/randy/mounriver-studio-projects/UdpServer/NetLib/libwchnet.a(etharp.o)
 *fill*         0x00000000200002de        0x2 
 .sbss.frame    0x00000000200002e0        0x8 /home/randy/mounriver-studio-projects/UdpServer/NetLib/libwchnet.a(ethernetif.o)
                0x00000000200002e0                frame
 .sbss.ip_id.2947
                0x00000000200002e8        0x2 /home/randy/mounriver-studio-projects/UdpServer/NetLib/libwchnet.a(ip.o)
 .sbss.ip_reass_pbufcount
                0x00000000200002ea        0x2 /home/randy/mounriver-studio-projects/UdpServer/NetLib/libwchnet.a(ip_frag.o)
 .sbss.reassdatagrams
                0x00000000200002ec        0x4 /home/randy/mounriver-studio-projects/UdpServer/NetLib/libwchnet.a(ip_frag.o)
 .sbss.lfree    0x00000000200002f0        0x4 /home/randy/mounriver-studio-projects/UdpServer/NetLib/libwchnet.a(mem.o)
 .sbss.ram      0x00000000200002f4        0x4 /home/randy/mounriver-studio-projects/UdpServer/NetLib/libwchnet.a(mem.o)
 .sbss.ram_end  0x00000000200002f8        0x4 /home/randy/mounriver-studio-projects/UdpServer/NetLib/libwchnet.a(mem.o)
 .sbss.netif_default
                0x00000000200002fc        0x4 /home/randy/mounriver-studio-projects/UdpServer/NetLib/libwchnet.a(netif.o)
                0x00000000200002fc                netif_default
 .sbss.netif_list
                0x0000000020000300        0x4 /home/randy/mounriver-studio-projects/UdpServer/NetLib/libwchnet.a(netif.o)
                0x0000000020000300                netif_list
 .sbss.netifnum.2482
                0x0000000020000304        0x1 /home/randy/mounriver-studio-projects/UdpServer/NetLib/libwchnet.a(netif.o)
 *fill*         0x0000000020000305        0x3 
 .sbss.raw_pcbs
                0x0000000020000308        0x4 /home/randy/mounriver-studio-projects/UdpServer/NetLib/libwchnet.a(raw.o)
 .sbss.tcp_active_pcbs